

================================================================
== Vitis HLS Report for 'top_kernel_Pipeline_VITIS_LOOP_77_8'
================================================================
* Date:           Tue Feb  3 21:06:19 2026

* Version:        2025.1.1 (Build 6214317 on Sep 11 2025)
* Project:        project_1
* Solution:       hls (Vivado IP Flow Target)
* Product family: zynquplus
* Target device:  xczu3eg-sbva484-1-e


================================================================
== Performance Estimates
================================================================
+ Timing: 
    * Summary: 
    +--------+----------+----------+------------+
    |  Clock |  Target  | Estimated| Uncertainty|
    +--------+----------+----------+------------+
    |ap_clk  |  10.00 ns|  3.993 ns|     2.70 ns|
    +--------+----------+----------+------------+

+ Latency: 
    * Summary: 
    +---------+---------+----------+----------+-----+-----+------------------------------------------------+
    |  Latency (cycles) |  Latency (absolute) |  Interval |                    Pipeline                    |
    |   min   |   max   |    min   |    max   | min | max |                      Type                      |
    +---------+---------+----------+----------+-----+-----+------------------------------------------------+
    |       10|       10|  0.100 us|  0.100 us|    9|    9|  loop auto-rewind stp (delay=0 clock cycles(s))|
    +---------+---------+----------+----------+-----+-----+------------------------------------------------+

    + Detail: 
        * Instance: 
        N/A

        * Loop: 
        +-------------------+---------+---------+----------+-----------+-----------+------+----------+
        |                   |  Latency (cycles) | Iteration|  Initiation Interval  | Trip |          |
        |     Loop Name     |   min   |   max   |  Latency |  achieved |   target  | Count| Pipelined|
        +-------------------+---------+---------+----------+-----------+-----------+------+----------+
        |- VITIS_LOOP_77_8  |        8|        8|         1|          1|          1|     8|       yes|
        +-------------------+---------+---------+----------+-----------+-----------+------+----------+



================================================================
== Utilization Estimates
================================================================
* Summary: 
+-----------------+---------+-----+--------+-------+-----+
|       Name      | BRAM_18K| DSP |   FF   |  LUT  | URAM|
+-----------------+---------+-----+--------+-------+-----+
|DSP              |        -|    -|       -|      -|    -|
|Expression       |        -|    -|       0|    712|    -|
|FIFO             |        -|    -|       -|      -|    -|
|Instance         |        -|    -|       0|    344|    -|
|Memory           |        -|    -|       -|      -|    -|
|Multiplexer      |        -|    -|       0|     27|    -|
|Register         |        -|    -|    1542|      -|    -|
+-----------------+---------+-----+--------+-------+-----+
|Total            |        0|    0|    1542|   1083|    0|
+-----------------+---------+-----+--------+-------+-----+
|Available        |      432|  360|  141120|  70560|    0|
+-----------------+---------+-----+--------+-------+-----+
|Utilization (%)  |        0|    0|       1|      1|    0|
+-----------------+---------+-----+--------+-------+-----+

+ Detail: 
    * Instance: 
    +----------------------------+-----------------------+---------+----+---+----+-----+
    |          Instance          |         Module        | BRAM_18K| DSP| FF| LUT| URAM|
    +----------------------------+-----------------------+---------+----+---+----+-----+
    |sparsemux_17_3_24_1_1_U111  |sparsemux_17_3_24_1_1  |        0|   0|  0|  43|    0|
    |sparsemux_17_3_24_1_1_U112  |sparsemux_17_3_24_1_1  |        0|   0|  0|  43|    0|
    |sparsemux_17_3_24_1_1_U113  |sparsemux_17_3_24_1_1  |        0|   0|  0|  43|    0|
    |sparsemux_17_3_24_1_1_U114  |sparsemux_17_3_24_1_1  |        0|   0|  0|  43|    0|
    |sparsemux_17_3_24_1_1_U115  |sparsemux_17_3_24_1_1  |        0|   0|  0|  43|    0|
    |sparsemux_17_3_24_1_1_U116  |sparsemux_17_3_24_1_1  |        0|   0|  0|  43|    0|
    |sparsemux_17_3_24_1_1_U117  |sparsemux_17_3_24_1_1  |        0|   0|  0|  43|    0|
    |sparsemux_17_3_24_1_1_U118  |sparsemux_17_3_24_1_1  |        0|   0|  0|  43|    0|
    +----------------------------+-----------------------+---------+----+---+----+-----+
    |Total                       |                       |        0|   0|  0| 344|    0|
    +----------------------------+-----------------------+---------+----+---+----+-----+

    * DSP: 
    N/A

    * Memory: 
    N/A

    * FIFO: 
    N/A

    * Expression: 
    +--------------------------+----------+----+---+----+------------+------------+
    |       Variable Name      | Operation| DSP| FF| LUT| Bitwidth P0| Bitwidth P1|
    +--------------------------+----------+----+---+----+------------+------------+
    |add_ln77_fu_1430_p2       |         +|   0|  0|  12|           4|           1|
    |sub_ln81_10_fu_2036_p2    |         -|   0|  0|  45|           1|          38|
    |sub_ln81_11_fu_2056_p2    |         -|   0|  0|  24|           1|          17|
    |sub_ln81_12_fu_2144_p2    |         -|   0|  0|  45|           1|          38|
    |sub_ln81_13_fu_2164_p2    |         -|   0|  0|  24|           1|          17|
    |sub_ln81_14_fu_2252_p2    |         -|   0|  0|  45|           1|          38|
    |sub_ln81_15_fu_2272_p2    |         -|   0|  0|  24|           1|          17|
    |sub_ln81_1_fu_1516_p2     |         -|   0|  0|  24|           1|          17|
    |sub_ln81_2_fu_1604_p2     |         -|   0|  0|  45|           1|          38|
    |sub_ln81_3_fu_1624_p2     |         -|   0|  0|  24|           1|          17|
    |sub_ln81_4_fu_1712_p2     |         -|   0|  0|  45|           1|          38|
    |sub_ln81_5_fu_1732_p2     |         -|   0|  0|  24|           1|          17|
    |sub_ln81_6_fu_1820_p2     |         -|   0|  0|  45|           1|          38|
    |sub_ln81_7_fu_1840_p2     |         -|   0|  0|  24|           1|          17|
    |sub_ln81_8_fu_1928_p2     |         -|   0|  0|  45|           1|          38|
    |sub_ln81_9_fu_1948_p2     |         -|   0|  0|  24|           1|          17|
    |sub_ln81_fu_1496_p2       |         -|   0|  0|  45|           1|          38|
    |icmp_ln77_fu_1424_p2      |      icmp|   0|  0|  12|           4|           5|
    |scale_lane_64_fu_1536_p3  |    select|   0|  0|  17|           1|          17|
    |scale_lane_65_fu_1644_p3  |    select|   0|  0|  17|           1|          17|
    |scale_lane_66_fu_1752_p3  |    select|   0|  0|  17|           1|          17|
    |scale_lane_67_fu_1860_p3  |    select|   0|  0|  17|           1|          17|
    |scale_lane_68_fu_1968_p3  |    select|   0|  0|  17|           1|          17|
    |scale_lane_69_fu_2076_p3  |    select|   0|  0|  17|           1|          17|
    |scale_lane_70_fu_2184_p3  |    select|   0|  0|  17|           1|          17|
    |scale_lane_71_fu_2292_p3  |    select|   0|  0|  17|           1|          17|
    +--------------------------+----------+----+---+----+------------+------------+
    |Total                     |          |   0|  0| 712|          32|         582|
    +--------------------------+----------+----+---+----+------------+------------+

    * Multiplexer: 
    +----------------------+----+-----------+-----+-----------+
    |         Name         | LUT| Input Size| Bits| Total Bits|
    +----------------------+----+-----------+-----+-----------+
    |ap_done_int           |   9|          2|    1|          2|
    |ap_sig_allocacmp_b_1  |   9|          2|    4|          8|
    |b_fu_324              |   9|          2|    4|          8|
    +----------------------+----+-----------+-----+-----------+
    |Total                 |  27|          6|    9|         18|
    +----------------------+----+-----------+-----+-----------+

    * Register: 
    +----------------------+----+----+-----+-----------+
    |         Name         | FF | LUT| Bits| Const Bits|
    +----------------------+----+----+-----+-----------+
    |ap_CS_fsm             |   1|   0|    1|          0|
    |ap_done_reg           |   1|   0|    1|          0|
    |b_fu_324              |   4|   0|    4|          0|
    |scale_lane_10_fu_368  |  24|   0|   24|          0|
    |scale_lane_11_fu_372  |  24|   0|   24|          0|
    |scale_lane_12_fu_376  |  24|   0|   24|          0|
    |scale_lane_13_fu_380  |  24|   0|   24|          0|
    |scale_lane_14_fu_384  |  24|   0|   24|          0|
    |scale_lane_15_fu_388  |  24|   0|   24|          0|
    |scale_lane_16_fu_392  |  24|   0|   24|          0|
    |scale_lane_17_fu_396  |  24|   0|   24|          0|
    |scale_lane_18_fu_400  |  24|   0|   24|          0|
    |scale_lane_19_fu_404  |  24|   0|   24|          0|
    |scale_lane_1_fu_332   |  24|   0|   24|          0|
    |scale_lane_20_fu_408  |  24|   0|   24|          0|
    |scale_lane_21_fu_412  |  24|   0|   24|          0|
    |scale_lane_22_fu_416  |  24|   0|   24|          0|
    |scale_lane_23_fu_420  |  24|   0|   24|          0|
    |scale_lane_24_fu_424  |  24|   0|   24|          0|
    |scale_lane_25_fu_428  |  24|   0|   24|          0|
    |scale_lane_26_fu_432  |  24|   0|   24|          0|
    |scale_lane_27_fu_436  |  24|   0|   24|          0|
    |scale_lane_28_fu_440  |  24|   0|   24|          0|
    |scale_lane_29_fu_444  |  24|   0|   24|          0|
    |scale_lane_2_fu_336   |  24|   0|   24|          0|
    |scale_lane_30_fu_448  |  24|   0|   24|          0|
    |scale_lane_31_fu_452  |  24|   0|   24|          0|
    |scale_lane_32_fu_456  |  24|   0|   24|          0|
    |scale_lane_33_fu_460  |  24|   0|   24|          0|
    |scale_lane_34_fu_464  |  24|   0|   24|          0|
    |scale_lane_35_fu_468  |  24|   0|   24|          0|
    |scale_lane_36_fu_472  |  24|   0|   24|          0|
    |scale_lane_37_fu_476  |  24|   0|   24|          0|
    |scale_lane_38_fu_480  |  24|   0|   24|          0|
    |scale_lane_39_fu_484  |  24|   0|   24|          0|
    |scale_lane_3_fu_340   |  24|   0|   24|          0|
    |scale_lane_40_fu_488  |  24|   0|   24|          0|
    |scale_lane_41_fu_492  |  24|   0|   24|          0|
    |scale_lane_42_fu_496  |  24|   0|   24|          0|
    |scale_lane_43_fu_500  |  24|   0|   24|          0|
    |scale_lane_44_fu_504  |  24|   0|   24|          0|
    |scale_lane_45_fu_508  |  24|   0|   24|          0|
    |scale_lane_46_fu_512  |  24|   0|   24|          0|
    |scale_lane_47_fu_516  |  24|   0|   24|          0|
    |scale_lane_48_fu_520  |  24|   0|   24|          0|
    |scale_lane_49_fu_524  |  24|   0|   24|          0|
    |scale_lane_4_fu_344   |  24|   0|   24|          0|
    |scale_lane_50_fu_528  |  24|   0|   24|          0|
    |scale_lane_51_fu_532  |  24|   0|   24|          0|
    |scale_lane_52_fu_536  |  24|   0|   24|          0|
    |scale_lane_53_fu_540  |  24|   0|   24|          0|
    |scale_lane_54_fu_544  |  24|   0|   24|          0|
    |scale_lane_55_fu_548  |  24|   0|   24|          0|
    |scale_lane_56_fu_552  |  24|   0|   24|          0|
    |scale_lane_57_fu_556  |  24|   0|   24|          0|
    |scale_lane_58_fu_560  |  24|   0|   24|          0|
    |scale_lane_59_fu_564  |  24|   0|   24|          0|
    |scale_lane_5_fu_348   |  24|   0|   24|          0|
    |scale_lane_60_fu_568  |  24|   0|   24|          0|
    |scale_lane_61_fu_572  |  24|   0|   24|          0|
    |scale_lane_62_fu_576  |  24|   0|   24|          0|
    |scale_lane_63_fu_580  |  24|   0|   24|          0|
    |scale_lane_6_fu_352   |  24|   0|   24|          0|
    |scale_lane_7_fu_356   |  24|   0|   24|          0|
    |scale_lane_8_fu_360   |  24|   0|   24|          0|
    |scale_lane_9_fu_364   |  24|   0|   24|          0|
    |scale_lane_fu_328     |  24|   0|   24|          0|
    +----------------------+----+----+-----+-----------+
    |Total                 |1542|   0| 1542|          0|
    +----------------------+----+----+-----+-----------+



================================================================
== Interface
================================================================
* Summary: 
+-----------------------------+-----+-----+------------+-------------------------------------+--------------+
|          RTL Ports          | Dir | Bits|  Protocol  |            Source Object            |    C Type    |
+-----------------------------+-----+-----+------------+-------------------------------------+--------------+
|ap_clk                       |   in|    1|  ap_ctrl_hs|  top_kernel_Pipeline_VITIS_LOOP_77_8|  return value|
|ap_rst                       |   in|    1|  ap_ctrl_hs|  top_kernel_Pipeline_VITIS_LOOP_77_8|  return value|
|ap_start                     |   in|    1|  ap_ctrl_hs|  top_kernel_Pipeline_VITIS_LOOP_77_8|  return value|
|ap_done                      |  out|    1|  ap_ctrl_hs|  top_kernel_Pipeline_VITIS_LOOP_77_8|  return value|
|ap_idle                      |  out|    1|  ap_ctrl_hs|  top_kernel_Pipeline_VITIS_LOOP_77_8|  return value|
|ap_ready                     |  out|    1|  ap_ctrl_hs|  top_kernel_Pipeline_VITIS_LOOP_77_8|  return value|
|col_sum_lane_load_reload     |   in|   24|     ap_none|             col_sum_lane_load_reload|        scalar|
|col_sum_lane_1_load_reload   |   in|   24|     ap_none|           col_sum_lane_1_load_reload|        scalar|
|col_sum_lane_2_load_reload   |   in|   24|     ap_none|           col_sum_lane_2_load_reload|        scalar|
|col_sum_lane_3_load_reload   |   in|   24|     ap_none|           col_sum_lane_3_load_reload|        scalar|
|col_sum_lane_4_load_reload   |   in|   24|     ap_none|           col_sum_lane_4_load_reload|        scalar|
|col_sum_lane_5_load_reload   |   in|   24|     ap_none|           col_sum_lane_5_load_reload|        scalar|
|col_sum_lane_6_load_reload   |   in|   24|     ap_none|           col_sum_lane_6_load_reload|        scalar|
|col_sum_lane_7_load_reload   |   in|   24|     ap_none|           col_sum_lane_7_load_reload|        scalar|
|col_sum_lane_8_load_reload   |   in|   24|     ap_none|           col_sum_lane_8_load_reload|        scalar|
|col_sum_lane_9_load_reload   |   in|   24|     ap_none|           col_sum_lane_9_load_reload|        scalar|
|col_sum_lane_10_load_reload  |   in|   24|     ap_none|          col_sum_lane_10_load_reload|        scalar|
|col_sum_lane_11_load_reload  |   in|   24|     ap_none|          col_sum_lane_11_load_reload|        scalar|
|col_sum_lane_12_load_reload  |   in|   24|     ap_none|          col_sum_lane_12_load_reload|        scalar|
|col_sum_lane_13_load_reload  |   in|   24|     ap_none|          col_sum_lane_13_load_reload|        scalar|
|col_sum_lane_14_load_reload  |   in|   24|     ap_none|          col_sum_lane_14_load_reload|        scalar|
|col_sum_lane_15_load_reload  |   in|   24|     ap_none|          col_sum_lane_15_load_reload|        scalar|
|col_sum_lane_16_load_reload  |   in|   24|     ap_none|          col_sum_lane_16_load_reload|        scalar|
|col_sum_lane_17_load_reload  |   in|   24|     ap_none|          col_sum_lane_17_load_reload|        scalar|
|col_sum_lane_18_load_reload  |   in|   24|     ap_none|          col_sum_lane_18_load_reload|        scalar|
|col_sum_lane_19_load_reload  |   in|   24|     ap_none|          col_sum_lane_19_load_reload|        scalar|
|col_sum_lane_20_load_reload  |   in|   24|     ap_none|          col_sum_lane_20_load_reload|        scalar|
|col_sum_lane_21_load_reload  |   in|   24|     ap_none|          col_sum_lane_21_load_reload|        scalar|
|col_sum_lane_22_load_reload  |   in|   24|     ap_none|          col_sum_lane_22_load_reload|        scalar|
|col_sum_lane_23_load_reload  |   in|   24|     ap_none|          col_sum_lane_23_load_reload|        scalar|
|col_sum_lane_24_load_reload  |   in|   24|     ap_none|          col_sum_lane_24_load_reload|        scalar|
|col_sum_lane_25_load_reload  |   in|   24|     ap_none|          col_sum_lane_25_load_reload|        scalar|
|col_sum_lane_26_load_reload  |   in|   24|     ap_none|          col_sum_lane_26_load_reload|        scalar|
|col_sum_lane_27_load_reload  |   in|   24|     ap_none|          col_sum_lane_27_load_reload|        scalar|
|col_sum_lane_28_load_reload  |   in|   24|     ap_none|          col_sum_lane_28_load_reload|        scalar|
|col_sum_lane_29_load_reload  |   in|   24|     ap_none|          col_sum_lane_29_load_reload|        scalar|
|col_sum_lane_30_load_reload  |   in|   24|     ap_none|          col_sum_lane_30_load_reload|        scalar|
|col_sum_lane_31_load_reload  |   in|   24|     ap_none|          col_sum_lane_31_load_reload|        scalar|
|col_sum_lane_32_load_reload  |   in|   24|     ap_none|          col_sum_lane_32_load_reload|        scalar|
|col_sum_lane_33_load_reload  |   in|   24|     ap_none|          col_sum_lane_33_load_reload|        scalar|
|col_sum_lane_34_load_reload  |   in|   24|     ap_none|          col_sum_lane_34_load_reload|        scalar|
|col_sum_lane_35_load_reload  |   in|   24|     ap_none|          col_sum_lane_35_load_reload|        scalar|
|col_sum_lane_36_load_reload  |   in|   24|     ap_none|          col_sum_lane_36_load_reload|        scalar|
|col_sum_lane_37_load_reload  |   in|   24|     ap_none|          col_sum_lane_37_load_reload|        scalar|
|col_sum_lane_38_load_reload  |   in|   24|     ap_none|          col_sum_lane_38_load_reload|        scalar|
|col_sum_lane_39_load_reload  |   in|   24|     ap_none|          col_sum_lane_39_load_reload|        scalar|
|col_sum_lane_40_load_reload  |   in|   24|     ap_none|          col_sum_lane_40_load_reload|        scalar|
|col_sum_lane_41_load_reload  |   in|   24|     ap_none|          col_sum_lane_41_load_reload|        scalar|
|col_sum_lane_42_load_reload  |   in|   24|     ap_none|          col_sum_lane_42_load_reload|        scalar|
|col_sum_lane_43_load_reload  |   in|   24|     ap_none|          col_sum_lane_43_load_reload|        scalar|
|col_sum_lane_44_load_reload  |   in|   24|     ap_none|          col_sum_lane_44_load_reload|        scalar|
|col_sum_lane_45_load_reload  |   in|   24|     ap_none|          col_sum_lane_45_load_reload|        scalar|
|col_sum_lane_46_load_reload  |   in|   24|     ap_none|          col_sum_lane_46_load_reload|        scalar|
|col_sum_lane_47_load_reload  |   in|   24|     ap_none|          col_sum_lane_47_load_reload|        scalar|
|col_sum_lane_48_load_reload  |   in|   24|     ap_none|          col_sum_lane_48_load_reload|        scalar|
|col_sum_lane_49_load_reload  |   in|   24|     ap_none|          col_sum_lane_49_load_reload|        scalar|
|col_sum_lane_50_load_reload  |   in|   24|     ap_none|          col_sum_lane_50_load_reload|        scalar|
|col_sum_lane_51_load_reload  |   in|   24|     ap_none|          col_sum_lane_51_load_reload|        scalar|
|col_sum_lane_52_load_reload  |   in|   24|     ap_none|          col_sum_lane_52_load_reload|        scalar|
|col_sum_lane_53_load_reload  |   in|   24|     ap_none|          col_sum_lane_53_load_reload|        scalar|
|col_sum_lane_54_load_reload  |   in|   24|     ap_none|          col_sum_lane_54_load_reload|        scalar|
|col_sum_lane_55_load_reload  |   in|   24|     ap_none|          col_sum_lane_55_load_reload|        scalar|
|col_sum_lane_56_load_reload  |   in|   24|     ap_none|          col_sum_lane_56_load_reload|        scalar|
|col_sum_lane_57_load_reload  |   in|   24|     ap_none|          col_sum_lane_57_load_reload|        scalar|
|col_sum_lane_58_load_reload  |   in|   24|     ap_none|          col_sum_lane_58_load_reload|        scalar|
|col_sum_lane_59_load_reload  |   in|   24|     ap_none|          col_sum_lane_59_load_reload|        scalar|
|col_sum_lane_60_load_reload  |   in|   24|     ap_none|          col_sum_lane_60_load_reload|        scalar|
|col_sum_lane_61_load_reload  |   in|   24|     ap_none|          col_sum_lane_61_load_reload|        scalar|
|col_sum_lane_62_load_reload  |   in|   24|     ap_none|          col_sum_lane_62_load_reload|        scalar|
|col_sum_lane_63_load_reload  |   in|   24|     ap_none|          col_sum_lane_63_load_reload|        scalar|
|scale_lane_63_out            |  out|   24|      ap_vld|                    scale_lane_63_out|       pointer|
|scale_lane_63_out_ap_vld     |  out|    1|      ap_vld|                    scale_lane_63_out|       pointer|
|scale_lane_62_out            |  out|   24|      ap_vld|                    scale_lane_62_out|       pointer|
|scale_lane_62_out_ap_vld     |  out|    1|      ap_vld|                    scale_lane_62_out|       pointer|
|scale_lane_61_out            |  out|   24|      ap_vld|                    scale_lane_61_out|       pointer|
|scale_lane_61_out_ap_vld     |  out|    1|      ap_vld|                    scale_lane_61_out|       pointer|
|scale_lane_60_out            |  out|   24|      ap_vld|                    scale_lane_60_out|       pointer|
|scale_lane_60_out_ap_vld     |  out|    1|      ap_vld|                    scale_lane_60_out|       pointer|
|scale_lane_59_out            |  out|   24|      ap_vld|                    scale_lane_59_out|       pointer|
|scale_lane_59_out_ap_vld     |  out|    1|      ap_vld|                    scale_lane_59_out|       pointer|
|scale_lane_58_out            |  out|   24|      ap_vld|                    scale_lane_58_out|       pointer|
|scale_lane_58_out_ap_vld     |  out|    1|      ap_vld|                    scale_lane_58_out|       pointer|
|scale_lane_57_out            |  out|   24|      ap_vld|                    scale_lane_57_out|       pointer|
|scale_lane_57_out_ap_vld     |  out|    1|      ap_vld|                    scale_lane_57_out|       pointer|
|scale_lane_56_out            |  out|   24|      ap_vld|                    scale_lane_56_out|       pointer|
|scale_lane_56_out_ap_vld     |  out|    1|      ap_vld|                    scale_lane_56_out|       pointer|
|scale_lane_55_out            |  out|   24|      ap_vld|                    scale_lane_55_out|       pointer|
|scale_lane_55_out_ap_vld     |  out|    1|      ap_vld|                    scale_lane_55_out|       pointer|
|scale_lane_54_out            |  out|   24|      ap_vld|                    scale_lane_54_out|       pointer|
|scale_lane_54_out_ap_vld     |  out|    1|      ap_vld|                    scale_lane_54_out|       pointer|
|scale_lane_53_out            |  out|   24|      ap_vld|                    scale_lane_53_out|       pointer|
|scale_lane_53_out_ap_vld     |  out|    1|      ap_vld|                    scale_lane_53_out|       pointer|
|scale_lane_52_out            |  out|   24|      ap_vld|                    scale_lane_52_out|       pointer|
|scale_lane_52_out_ap_vld     |  out|    1|      ap_vld|                    scale_lane_52_out|       pointer|
|scale_lane_51_out            |  out|   24|      ap_vld|                    scale_lane_51_out|       pointer|
|scale_lane_51_out_ap_vld     |  out|    1|      ap_vld|                    scale_lane_51_out|       pointer|
|scale_lane_50_out            |  out|   24|      ap_vld|                    scale_lane_50_out|       pointer|
|scale_lane_50_out_ap_vld     |  out|    1|      ap_vld|                    scale_lane_50_out|       pointer|
|scale_lane_49_out            |  out|   24|      ap_vld|                    scale_lane_49_out|       pointer|
|scale_lane_49_out_ap_vld     |  out|    1|      ap_vld|                    scale_lane_49_out|       pointer|
|scale_lane_48_out            |  out|   24|      ap_vld|                    scale_lane_48_out|       pointer|
|scale_lane_48_out_ap_vld     |  out|    1|      ap_vld|                    scale_lane_48_out|       pointer|
|scale_lane_47_out            |  out|   24|      ap_vld|                    scale_lane_47_out|       pointer|
|scale_lane_47_out_ap_vld     |  out|    1|      ap_vld|                    scale_lane_47_out|       pointer|
|scale_lane_46_out            |  out|   24|      ap_vld|                    scale_lane_46_out|       pointer|
|scale_lane_46_out_ap_vld     |  out|    1|      ap_vld|                    scale_lane_46_out|       pointer|
|scale_lane_45_out            |  out|   24|      ap_vld|                    scale_lane_45_out|       pointer|
|scale_lane_45_out_ap_vld     |  out|    1|      ap_vld|                    scale_lane_45_out|       pointer|
|scale_lane_44_out            |  out|   24|      ap_vld|                    scale_lane_44_out|       pointer|
|scale_lane_44_out_ap_vld     |  out|    1|      ap_vld|                    scale_lane_44_out|       pointer|
|scale_lane_43_out            |  out|   24|      ap_vld|                    scale_lane_43_out|       pointer|
|scale_lane_43_out_ap_vld     |  out|    1|      ap_vld|                    scale_lane_43_out|       pointer|
|scale_lane_42_out            |  out|   24|      ap_vld|                    scale_lane_42_out|       pointer|
|scale_lane_42_out_ap_vld     |  out|    1|      ap_vld|                    scale_lane_42_out|       pointer|
|scale_lane_41_out            |  out|   24|      ap_vld|                    scale_lane_41_out|       pointer|
|scale_lane_41_out_ap_vld     |  out|    1|      ap_vld|                    scale_lane_41_out|       pointer|
|scale_lane_40_out            |  out|   24|      ap_vld|                    scale_lane_40_out|       pointer|
|scale_lane_40_out_ap_vld     |  out|    1|      ap_vld|                    scale_lane_40_out|       pointer|
|scale_lane_39_out            |  out|   24|      ap_vld|                    scale_lane_39_out|       pointer|
|scale_lane_39_out_ap_vld     |  out|    1|      ap_vld|                    scale_lane_39_out|       pointer|
|scale_lane_38_out            |  out|   24|      ap_vld|                    scale_lane_38_out|       pointer|
|scale_lane_38_out_ap_vld     |  out|    1|      ap_vld|                    scale_lane_38_out|       pointer|
|scale_lane_37_out            |  out|   24|      ap_vld|                    scale_lane_37_out|       pointer|
|scale_lane_37_out_ap_vld     |  out|    1|      ap_vld|                    scale_lane_37_out|       pointer|
|scale_lane_36_out            |  out|   24|      ap_vld|                    scale_lane_36_out|       pointer|
|scale_lane_36_out_ap_vld     |  out|    1|      ap_vld|                    scale_lane_36_out|       pointer|
|scale_lane_35_out            |  out|   24|      ap_vld|                    scale_lane_35_out|       pointer|
|scale_lane_35_out_ap_vld     |  out|    1|      ap_vld|                    scale_lane_35_out|       pointer|
|scale_lane_34_out            |  out|   24|      ap_vld|                    scale_lane_34_out|       pointer|
|scale_lane_34_out_ap_vld     |  out|    1|      ap_vld|                    scale_lane_34_out|       pointer|
|scale_lane_33_out            |  out|   24|      ap_vld|                    scale_lane_33_out|       pointer|
|scale_lane_33_out_ap_vld     |  out|    1|      ap_vld|                    scale_lane_33_out|       pointer|
|scale_lane_32_out            |  out|   24|      ap_vld|                    scale_lane_32_out|       pointer|
|scale_lane_32_out_ap_vld     |  out|    1|      ap_vld|                    scale_lane_32_out|       pointer|
|scale_lane_31_out            |  out|   24|      ap_vld|                    scale_lane_31_out|       pointer|
|scale_lane_31_out_ap_vld     |  out|    1|      ap_vld|                    scale_lane_31_out|       pointer|
|scale_lane_30_out            |  out|   24|      ap_vld|                    scale_lane_30_out|       pointer|
|scale_lane_30_out_ap_vld     |  out|    1|      ap_vld|                    scale_lane_30_out|       pointer|
|scale_lane_29_out            |  out|   24|      ap_vld|                    scale_lane_29_out|       pointer|
|scale_lane_29_out_ap_vld     |  out|    1|      ap_vld|                    scale_lane_29_out|       pointer|
|scale_lane_28_out            |  out|   24|      ap_vld|                    scale_lane_28_out|       pointer|
|scale_lane_28_out_ap_vld     |  out|    1|      ap_vld|                    scale_lane_28_out|       pointer|
|scale_lane_27_out            |  out|   24|      ap_vld|                    scale_lane_27_out|       pointer|
|scale_lane_27_out_ap_vld     |  out|    1|      ap_vld|                    scale_lane_27_out|       pointer|
|scale_lane_26_out            |  out|   24|      ap_vld|                    scale_lane_26_out|       pointer|
|scale_lane_26_out_ap_vld     |  out|    1|      ap_vld|                    scale_lane_26_out|       pointer|
|scale_lane_25_out            |  out|   24|      ap_vld|                    scale_lane_25_out|       pointer|
|scale_lane_25_out_ap_vld     |  out|    1|      ap_vld|                    scale_lane_25_out|       pointer|
|scale_lane_24_out            |  out|   24|      ap_vld|                    scale_lane_24_out|       pointer|
|scale_lane_24_out_ap_vld     |  out|    1|      ap_vld|                    scale_lane_24_out|       pointer|
|scale_lane_23_out            |  out|   24|      ap_vld|                    scale_lane_23_out|       pointer|
|scale_lane_23_out_ap_vld     |  out|    1|      ap_vld|                    scale_lane_23_out|       pointer|
|scale_lane_22_out            |  out|   24|      ap_vld|                    scale_lane_22_out|       pointer|
|scale_lane_22_out_ap_vld     |  out|    1|      ap_vld|                    scale_lane_22_out|       pointer|
|scale_lane_21_out            |  out|   24|      ap_vld|                    scale_lane_21_out|       pointer|
|scale_lane_21_out_ap_vld     |  out|    1|      ap_vld|                    scale_lane_21_out|       pointer|
|scale_lane_20_out            |  out|   24|      ap_vld|                    scale_lane_20_out|       pointer|
|scale_lane_20_out_ap_vld     |  out|    1|      ap_vld|                    scale_lane_20_out|       pointer|
|scale_lane_19_out            |  out|   24|      ap_vld|                    scale_lane_19_out|       pointer|
|scale_lane_19_out_ap_vld     |  out|    1|      ap_vld|                    scale_lane_19_out|       pointer|
|scale_lane_18_out            |  out|   24|      ap_vld|                    scale_lane_18_out|       pointer|
|scale_lane_18_out_ap_vld     |  out|    1|      ap_vld|                    scale_lane_18_out|       pointer|
|scale_lane_17_out            |  out|   24|      ap_vld|                    scale_lane_17_out|       pointer|
|scale_lane_17_out_ap_vld     |  out|    1|      ap_vld|                    scale_lane_17_out|       pointer|
|scale_lane_16_out            |  out|   24|      ap_vld|                    scale_lane_16_out|       pointer|
|scale_lane_16_out_ap_vld     |  out|    1|      ap_vld|                    scale_lane_16_out|       pointer|
|scale_lane_15_out            |  out|   24|      ap_vld|                    scale_lane_15_out|       pointer|
|scale_lane_15_out_ap_vld     |  out|    1|      ap_vld|                    scale_lane_15_out|       pointer|
|scale_lane_14_out            |  out|   24|      ap_vld|                    scale_lane_14_out|       pointer|
|scale_lane_14_out_ap_vld     |  out|    1|      ap_vld|                    scale_lane_14_out|       pointer|
|scale_lane_13_out            |  out|   24|      ap_vld|                    scale_lane_13_out|       pointer|
|scale_lane_13_out_ap_vld     |  out|    1|      ap_vld|                    scale_lane_13_out|       pointer|
|scale_lane_12_out            |  out|   24|      ap_vld|                    scale_lane_12_out|       pointer|
|scale_lane_12_out_ap_vld     |  out|    1|      ap_vld|                    scale_lane_12_out|       pointer|
|scale_lane_11_out            |  out|   24|      ap_vld|                    scale_lane_11_out|       pointer|
|scale_lane_11_out_ap_vld     |  out|    1|      ap_vld|                    scale_lane_11_out|       pointer|
|scale_lane_10_out            |  out|   24|      ap_vld|                    scale_lane_10_out|       pointer|
|scale_lane_10_out_ap_vld     |  out|    1|      ap_vld|                    scale_lane_10_out|       pointer|
|scale_lane_9_out             |  out|   24|      ap_vld|                     scale_lane_9_out|       pointer|
|scale_lane_9_out_ap_vld      |  out|    1|      ap_vld|                     scale_lane_9_out|       pointer|
|scale_lane_8_out             |  out|   24|      ap_vld|                     scale_lane_8_out|       pointer|
|scale_lane_8_out_ap_vld      |  out|    1|      ap_vld|                     scale_lane_8_out|       pointer|
|scale_lane_7_out             |  out|   24|      ap_vld|                     scale_lane_7_out|       pointer|
|scale_lane_7_out_ap_vld      |  out|    1|      ap_vld|                     scale_lane_7_out|       pointer|
|scale_lane_6_out             |  out|   24|      ap_vld|                     scale_lane_6_out|       pointer|
|scale_lane_6_out_ap_vld      |  out|    1|      ap_vld|                     scale_lane_6_out|       pointer|
|scale_lane_5_out             |  out|   24|      ap_vld|                     scale_lane_5_out|       pointer|
|scale_lane_5_out_ap_vld      |  out|    1|      ap_vld|                     scale_lane_5_out|       pointer|
|scale_lane_4_out             |  out|   24|      ap_vld|                     scale_lane_4_out|       pointer|
|scale_lane_4_out_ap_vld      |  out|    1|      ap_vld|                     scale_lane_4_out|       pointer|
|scale_lane_3_out             |  out|   24|      ap_vld|                     scale_lane_3_out|       pointer|
|scale_lane_3_out_ap_vld      |  out|    1|      ap_vld|                     scale_lane_3_out|       pointer|
|scale_lane_2_out             |  out|   24|      ap_vld|                     scale_lane_2_out|       pointer|
|scale_lane_2_out_ap_vld      |  out|    1|      ap_vld|                     scale_lane_2_out|       pointer|
|scale_lane_1_out             |  out|   24|      ap_vld|                     scale_lane_1_out|       pointer|
|scale_lane_1_out_ap_vld      |  out|    1|      ap_vld|                     scale_lane_1_out|       pointer|
|scale_lane_out               |  out|   24|      ap_vld|                       scale_lane_out|       pointer|
|scale_lane_out_ap_vld        |  out|    1|      ap_vld|                       scale_lane_out|       pointer|
+-----------------------------+-----+-----+------------+-------------------------------------+--------------+

