

================================================================
== Vitis HLS Report for 'top_kernel_Pipeline_VITIS_LOOP_102_10_VITIS_LOOP_103_11'
================================================================
* Date:           Sat Jan 31 19:51:31 2026

* Version:        2025.1.1 (Build 6214317 on Sep 11 2025)
* Project:        project_1
* Solution:       hls (Vivado IP Flow Target)
* Product family: zynquplus
* Target device:  xczu3eg-sbva484-1-e


================================================================
== Performance Estimates
================================================================
+ Timing: 
    * Summary: 
    +--------+----------+----------+------------+
    |  Clock |  Target  | Estimated| Uncertainty|
    +--------+----------+----------+------------+
    |ap_clk  |  10.00 ns|  7.277 ns|     2.70 ns|
    +--------+----------+----------+------------+

+ Latency: 
    * Summary: 
    +---------+---------+-----------+-----------+------+------+------------------------------------------------+
    |  Latency (cycles) |   Latency (absolute)  |   Interval  |                    Pipeline                    |
    |   min   |   max   |    min    |    max    |  min |  max |                      Type                      |
    +---------+---------+-----------+-----------+------+------+------------------------------------------------+
    |     4099|     4099|  40.990 us|  40.990 us|  4097|  4097|  loop auto-rewind stp (delay=0 clock cycles(s))|
    +---------+---------+-----------+-----------+------+------+------------------------------------------------+

    + Detail: 
        * Instance: 
        N/A

        * Loop: 
        +---------------------------------------+---------+---------+----------+-----------+-----------+------+----------+
        |                                       |  Latency (cycles) | Iteration|  Initiation Interval  | Trip |          |
        |               Loop Name               |   min   |   max   |  Latency |  achieved |   target  | Count| Pipelined|
        +---------------------------------------+---------+---------+----------+-----------+-----------+------+----------+
        |- VITIS_LOOP_102_10_VITIS_LOOP_103_11  |     4097|     4097|         3|          1|          1|  4096|       yes|
        +---------------------------------------+---------+---------+----------+-----------+-----------+------+----------+



================================================================
== Utilization Estimates
================================================================
* Summary: 
+-----------------+---------+-----+--------+-------+-----+
|       Name      | BRAM_18K| DSP |   FF   |  LUT  | URAM|
+-----------------+---------+-----+--------+-------+-----+
|DSP              |        -|    -|       -|      -|    -|
|Expression       |        -|    -|       0|    731|    -|
|FIFO             |        -|    -|       -|      -|    -|
|Instance         |        -|    8|       0|    416|    -|
|Memory           |        -|    -|       -|      -|    -|
|Multiplexer      |        -|    -|       0|     72|    -|
|Register         |        -|    -|     260|      -|    -|
+-----------------+---------+-----+--------+-------+-----+
|Total            |        0|    8|     260|   1219|    0|
+-----------------+---------+-----+--------+-------+-----+
|Available        |      432|  360|  141120|  70560|    0|
+-----------------+---------+-----+--------+-------+-----+
|Utilization (%)  |        0|    2|      ~0|      1|    0|
+-----------------+---------+-----+--------+-------+-----+

+ Detail: 
    * Instance: 
    +----------------------------+-----------------------+---------+----+---+----+-----+
    |          Instance          |         Module        | BRAM_18K| DSP| FF| LUT| URAM|
    +----------------------------+-----------------------+---------+----+---+----+-----+
    |mul_24s_24s_48_1_1_U227     |mul_24s_24s_48_1_1     |        0|   2|  0|  39|    0|
    |mul_24s_24s_48_1_1_U228     |mul_24s_24s_48_1_1     |        0|   2|  0|  39|    0|
    |mul_24s_24s_48_1_1_U229     |mul_24s_24s_48_1_1     |        0|   2|  0|  39|    0|
    |mul_24s_24s_48_1_1_U230     |mul_24s_24s_48_1_1     |        0|   2|  0|  39|    0|
    |sparsemux_33_6_24_1_1_U231  |sparsemux_33_6_24_1_1  |        0|   0|  0|  65|    0|
    |sparsemux_33_6_24_1_1_U232  |sparsemux_33_6_24_1_1  |        0|   0|  0|  65|    0|
    |sparsemux_33_6_24_1_1_U233  |sparsemux_33_6_24_1_1  |        0|   0|  0|  65|    0|
    |sparsemux_33_6_24_1_1_U234  |sparsemux_33_6_24_1_1  |        0|   0|  0|  65|    0|
    +----------------------------+-----------------------+---------+----+---+----+-----+
    |Total                       |                       |        0|   8|  0| 416|    0|
    +----------------------------+-----------------------+---------+----+---+----+-----+

    * DSP: 
    N/A

    * Memory: 
    N/A

    * FIFO: 
    N/A

    * Expression: 
    +----------------------------+----------+----+---+----+------------+------------+
    |        Variable Name       | Operation| DSP| FF| LUT| Bitwidth P0| Bitwidth P1|
    +----------------------------+----------+----+---+----+------------+------------+
    |add_ln102_1_fu_810_p2       |         +|   0|  0|  20|          13|           1|
    |add_ln102_fu_826_p2         |         +|   0|  0|  16|           9|           1|
    |add_ln103_fu_1188_p2        |         +|   0|  0|  14|           7|           3|
    |add_ln108_1_fu_1475_p2      |         +|   0|  0|  31|          24|          24|
    |add_ln108_2_fu_1694_p2      |         +|   0|  0|  31|          24|          24|
    |add_ln108_3_fu_1913_p2      |         +|   0|  0|  31|          24|          24|
    |add_ln108_fu_1256_p2        |         +|   0|  0|  31|          24|          24|
    |and_ln108_10_fu_1601_p2     |       and|   0|  0|   2|           1|           1|
    |and_ln108_11_fu_1619_p2     |       and|   0|  0|   2|           1|           1|
    |and_ln108_12_fu_1714_p2     |       and|   0|  0|   2|           1|           1|
    |and_ln108_13_fu_1776_p2     |       and|   0|  0|   2|           1|           1|
    |and_ln108_14_fu_1790_p2     |       and|   0|  0|   2|           1|           1|
    |and_ln108_15_fu_1814_p2     |       and|   0|  0|   2|           1|           1|
    |and_ln108_16_fu_1820_p2     |       and|   0|  0|   2|           1|           1|
    |and_ln108_17_fu_1838_p2     |       and|   0|  0|   2|           1|           1|
    |and_ln108_18_fu_1933_p2     |       and|   0|  0|   2|           1|           1|
    |and_ln108_19_fu_1995_p2     |       and|   0|  0|   2|           1|           1|
    |and_ln108_1_fu_1338_p2      |       and|   0|  0|   2|           1|           1|
    |and_ln108_20_fu_2009_p2     |       and|   0|  0|   2|           1|           1|
    |and_ln108_21_fu_2033_p2     |       and|   0|  0|   2|           1|           1|
    |and_ln108_22_fu_2039_p2     |       and|   0|  0|   2|           1|           1|
    |and_ln108_23_fu_2057_p2     |       and|   0|  0|   2|           1|           1|
    |and_ln108_2_fu_1352_p2      |       and|   0|  0|   2|           1|           1|
    |and_ln108_3_fu_1376_p2      |       and|   0|  0|   2|           1|           1|
    |and_ln108_4_fu_1382_p2      |       and|   0|  0|   2|           1|           1|
    |and_ln108_5_fu_1400_p2      |       and|   0|  0|   2|           1|           1|
    |and_ln108_6_fu_1495_p2      |       and|   0|  0|   2|           1|           1|
    |and_ln108_7_fu_1557_p2      |       and|   0|  0|   2|           1|           1|
    |and_ln108_8_fu_1571_p2      |       and|   0|  0|   2|           1|           1|
    |and_ln108_9_fu_1595_p2      |       and|   0|  0|   2|           1|           1|
    |and_ln108_fu_1276_p2        |       and|   0|  0|   2|           1|           1|
    |icmp_ln102_fu_804_p2        |      icmp|   0|  0|  21|          13|          14|
    |icmp_ln108_10_fu_1969_p2    |      icmp|   0|  0|  17|          10|           2|
    |icmp_ln108_11_fu_1975_p2    |      icmp|   0|  0|  17|          10|           1|
    |icmp_ln108_1_fu_1312_p2     |      icmp|   0|  0|  17|          10|           2|
    |icmp_ln108_2_fu_1318_p2     |      icmp|   0|  0|  17|          10|           1|
    |icmp_ln108_3_fu_1517_p2     |      icmp|   0|  0|  16|           9|           2|
    |icmp_ln108_4_fu_1531_p2     |      icmp|   0|  0|  17|          10|           2|
    |icmp_ln108_5_fu_1537_p2     |      icmp|   0|  0|  17|          10|           1|
    |icmp_ln108_6_fu_1736_p2     |      icmp|   0|  0|  16|           9|           2|
    |icmp_ln108_7_fu_1750_p2     |      icmp|   0|  0|  17|          10|           2|
    |icmp_ln108_8_fu_1756_p2     |      icmp|   0|  0|  17|          10|           1|
    |icmp_ln108_9_fu_1955_p2     |      icmp|   0|  0|  16|           9|           2|
    |icmp_ln108_fu_1298_p2       |      icmp|   0|  0|  16|           9|           2|
    |or_ln108_10_fu_1826_p2      |        or|   0|  0|   2|           1|           1|
    |or_ln108_11_fu_2045_p2      |        or|   0|  0|   2|           1|           1|
    |or_ln108_1_fu_1414_p2       |        or|   0|  0|   2|           1|           1|
    |or_ln108_2_fu_1583_p2       |        or|   0|  0|   2|           1|           1|
    |or_ln108_3_fu_1633_p2       |        or|   0|  0|   2|           1|           1|
    |or_ln108_4_fu_1388_p2       |        or|   0|  0|   2|           1|           1|
    |or_ln108_5_fu_1802_p2       |        or|   0|  0|   2|           1|           1|
    |or_ln108_6_fu_1852_p2       |        or|   0|  0|   2|           1|           1|
    |or_ln108_7_fu_2021_p2       |        or|   0|  0|   2|           1|           1|
    |or_ln108_8_fu_2071_p2       |        or|   0|  0|   2|           1|           1|
    |or_ln108_9_fu_1607_p2       |        or|   0|  0|   2|           1|           1|
    |or_ln108_fu_1364_p2         |        or|   0|  0|   2|           1|           1|
    |select_ln102_fu_852_p3      |    select|   0|  0|   8|           1|           9|
    |select_ln103_fu_840_p3      |    select|   0|  0|   6|           1|           1|
    |select_ln108_10_fu_1844_p3  |    select|   0|  0|  24|           1|          23|
    |select_ln108_11_fu_1858_p3  |    select|   0|  0|  24|           1|          24|
    |select_ln108_12_fu_1981_p3  |    select|   0|  0|   2|           1|           1|
    |select_ln108_13_fu_2001_p3  |    select|   0|  0|   2|           1|           1|
    |select_ln108_14_fu_2063_p3  |    select|   0|  0|  24|           1|          23|
    |select_ln108_15_fu_2077_p3  |    select|   0|  0|  24|           1|          24|
    |select_ln108_1_fu_1344_p3   |    select|   0|  0|   2|           1|           1|
    |select_ln108_2_fu_1406_p3   |    select|   0|  0|  24|           1|          23|
    |select_ln108_3_fu_1420_p3   |    select|   0|  0|  24|           1|          24|
    |select_ln108_4_fu_1543_p3   |    select|   0|  0|   2|           1|           1|
    |select_ln108_5_fu_1563_p3   |    select|   0|  0|   2|           1|           1|
    |select_ln108_6_fu_1625_p3   |    select|   0|  0|  24|           1|          23|
    |select_ln108_7_fu_1639_p3   |    select|   0|  0|  24|           1|          24|
    |select_ln108_8_fu_1762_p3   |    select|   0|  0|   2|           1|           1|
    |select_ln108_9_fu_1782_p3   |    select|   0|  0|   2|           1|           1|
    |select_ln108_fu_1324_p3     |    select|   0|  0|   2|           1|           1|
    |ap_enable_pp0               |       xor|   0|  0|   2|           1|           2|
    |xor_ln108_10_fu_1708_p2     |       xor|   0|  0|   2|           1|           2|
    |xor_ln108_11_fu_1770_p2     |       xor|   0|  0|   2|           1|           2|
    |xor_ln108_12_fu_1796_p2     |       xor|   0|  0|   2|           1|           2|
    |xor_ln108_13_fu_1808_p2     |       xor|   0|  0|   2|           1|           2|
    |xor_ln108_14_fu_1832_p2     |       xor|   0|  0|   2|           1|           2|
    |xor_ln108_15_fu_1927_p2     |       xor|   0|  0|   2|           1|           2|
    |xor_ln108_16_fu_1989_p2     |       xor|   0|  0|   2|           1|           2|
    |xor_ln108_17_fu_2015_p2     |       xor|   0|  0|   2|           1|           2|
    |xor_ln108_18_fu_2027_p2     |       xor|   0|  0|   2|           1|           2|
    |xor_ln108_19_fu_2051_p2     |       xor|   0|  0|   2|           1|           2|
    |xor_ln108_1_fu_1332_p2      |       xor|   0|  0|   2|           1|           2|
    |xor_ln108_2_fu_1358_p2      |       xor|   0|  0|   2|           1|           2|
    |xor_ln108_3_fu_1370_p2      |       xor|   0|  0|   2|           1|           2|
    |xor_ln108_4_fu_1394_p2      |       xor|   0|  0|   2|           1|           2|
    |xor_ln108_5_fu_1489_p2      |       xor|   0|  0|   2|           1|           2|
    |xor_ln108_6_fu_1551_p2      |       xor|   0|  0|   2|           1|           2|
    |xor_ln108_7_fu_1577_p2      |       xor|   0|  0|   2|           1|           2|
    |xor_ln108_8_fu_1589_p2      |       xor|   0|  0|   2|           1|           2|
    |xor_ln108_9_fu_1613_p2      |       xor|   0|  0|   2|           1|           2|
    |xor_ln108_fu_1270_p2        |       xor|   0|  0|   2|           1|           2|
    +----------------------------+----------+----+---+----+------------+------------+
    |Total                       |          |   0|  0| 731|         329|         419|
    +----------------------------+----------+----+---+----+------------+------------+

    * Multiplexer: 
    +---------------------------------------+----+-----------+-----+-----------+
    |                  Name                 | LUT| Input Size| Bits| Total Bits|
    +---------------------------------------+----+-----------+-----+-----------+
    |ap_done_int                            |   9|          2|    1|          2|
    |ap_enable_reg_pp0_iter1                |   9|          2|    1|          2|
    |ap_sig_allocacmp_i_load                |   9|          2|    9|         18|
    |ap_sig_allocacmp_indvar_flatten6_load  |   9|          2|   13|         26|
    |ap_sig_allocacmp_j_load                |   9|          2|    7|         14|
    |i_fu_276                               |   9|          2|    9|         18|
    |indvar_flatten6_fu_280                 |   9|          2|   13|         26|
    |j_fu_272                               |   9|          2|    7|         14|
    +---------------------------------------+----+-----------+-----+-----------+
    |Total                                  |  72|         16|   60|        120|
    +---------------------------------------+----+-----------+-----+-----------+

    * Register: 
    +-------------------------------------+----+----+-----+-----------+
    |                 Name                | FF | LUT| Bits| Const Bits|
    +-------------------------------------+----+----+-----+-----------+
    |ap_CS_fsm                            |   1|   0|    1|          0|
    |ap_done_reg                          |   1|   0|    1|          0|
    |ap_enable_reg_pp0_iter1              |   1|   0|    1|          0|
    |ap_enable_reg_pp0_iter2              |   1|   0|    1|          0|
    |ap_loop_exit_ready_pp0_iter1_reg     |   1|   0|    1|          0|
    |i_fu_276                             |   9|   0|    9|          0|
    |indvar_flatten6_fu_280               |  13|   0|   13|          0|
    |j_fu_272                             |   7|   0|    7|          0|
    |lshr_ln103_1_reg_2147                |   4|   0|    4|          0|
    |lshr_ln103_1_reg_2147_pp0_iter1_reg  |   4|   0|    4|          0|
    |lshr_ln1_reg_2142                    |   5|   0|    5|          0|
    |lshr_ln1_reg_2142_pp0_iter1_reg      |   5|   0|    5|          0|
    |select_ln108_11_reg_2202             |  24|   0|   24|          0|
    |select_ln108_15_reg_2207             |  24|   0|   24|          0|
    |select_ln108_3_reg_2192              |  24|   0|   24|          0|
    |select_ln108_7_reg_2197              |  24|   0|   24|          0|
    |tmp_23_reg_2172                      |  24|   0|   24|          0|
    |tmp_31_reg_2177                      |  24|   0|   24|          0|
    |tmp_37_reg_2182                      |  24|   0|   24|          0|
    |tmp_45_reg_2187                      |  24|   0|   24|          0|
    |trunc_ln103_reg_2136                 |   8|   0|    8|          0|
    |trunc_ln103_reg_2136_pp0_iter1_reg   |   8|   0|    8|          0|
    +-------------------------------------+----+----+-----+-----------+
    |Total                                | 260|   0|  260|          0|
    +-------------------------------------+----+----+-----+-----------+



================================================================
== Interface
================================================================
* Summary: 
+---------------------------------------------------------------+-----+-----+------------+---------------------------------------------------------+--------------+
|                           RTL Ports                           | Dir | Bits|  Protocol  |                      Source Object                      |    C Type    |
+---------------------------------------------------------------+-----+-----+------------+---------------------------------------------------------+--------------+
|ap_clk                                                         |   in|    1|  ap_ctrl_hs|  top_kernel_Pipeline_VITIS_LOOP_102_10_VITIS_LOOP_103_11|  return value|
|ap_rst                                                         |   in|    1|  ap_ctrl_hs|  top_kernel_Pipeline_VITIS_LOOP_102_10_VITIS_LOOP_103_11|  return value|
|ap_start                                                       |   in|    1|  ap_ctrl_hs|  top_kernel_Pipeline_VITIS_LOOP_102_10_VITIS_LOOP_103_11|  return value|
|ap_done                                                        |  out|    1|  ap_ctrl_hs|  top_kernel_Pipeline_VITIS_LOOP_102_10_VITIS_LOOP_103_11|  return value|
|ap_idle                                                        |  out|    1|  ap_ctrl_hs|  top_kernel_Pipeline_VITIS_LOOP_102_10_VITIS_LOOP_103_11|  return value|
|ap_ready                                                       |  out|    1|  ap_ctrl_hs|  top_kernel_Pipeline_VITIS_LOOP_102_10_VITIS_LOOP_103_11|  return value|
|C_1_address0                                                   |  out|   13|   ap_memory|                                                      C_1|         array|
|C_1_ce0                                                        |  out|    1|   ap_memory|                                                      C_1|         array|
|C_1_we0                                                        |  out|    1|   ap_memory|                                                      C_1|         array|
|C_1_d0                                                         |  out|   24|   ap_memory|                                                      C_1|         array|
|C_1_address1                                                   |  out|   13|   ap_memory|                                                      C_1|         array|
|C_1_ce1                                                        |  out|    1|   ap_memory|                                                      C_1|         array|
|C_1_we1                                                        |  out|    1|   ap_memory|                                                      C_1|         array|
|C_1_d1                                                         |  out|   24|   ap_memory|                                                      C_1|         array|
|C_1_16_address0                                                |  out|   13|   ap_memory|                                                   C_1_16|         array|
|C_1_16_ce0                                                     |  out|    1|   ap_memory|                                                   C_1_16|         array|
|C_1_16_we0                                                     |  out|    1|   ap_memory|                                                   C_1_16|         array|
|C_1_16_d0                                                      |  out|   24|   ap_memory|                                                   C_1_16|         array|
|C_1_16_address1                                                |  out|   13|   ap_memory|                                                   C_1_16|         array|
|C_1_16_ce1                                                     |  out|    1|   ap_memory|                                                   C_1_16|         array|
|C_1_16_we1                                                     |  out|    1|   ap_memory|                                                   C_1_16|         array|
|C_1_16_d1                                                      |  out|   24|   ap_memory|                                                   C_1_16|         array|
|scale_reload                                                   |   in|   24|     ap_none|                                             scale_reload|        scalar|
|scale_4_reload                                                 |   in|   24|     ap_none|                                           scale_4_reload|        scalar|
|scale_8_reload                                                 |   in|   24|     ap_none|                                           scale_8_reload|        scalar|
|scale_12_reload                                                |   in|   24|     ap_none|                                          scale_12_reload|        scalar|
|scale_16_reload                                                |   in|   24|     ap_none|                                          scale_16_reload|        scalar|
|scale_20_reload                                                |   in|   24|     ap_none|                                          scale_20_reload|        scalar|
|scale_24_reload                                                |   in|   24|     ap_none|                                          scale_24_reload|        scalar|
|scale_28_reload                                                |   in|   24|     ap_none|                                          scale_28_reload|        scalar|
|scale_32_reload                                                |   in|   24|     ap_none|                                          scale_32_reload|        scalar|
|scale_36_reload                                                |   in|   24|     ap_none|                                          scale_36_reload|        scalar|
|scale_40_reload                                                |   in|   24|     ap_none|                                          scale_40_reload|        scalar|
|scale_44_reload                                                |   in|   24|     ap_none|                                          scale_44_reload|        scalar|
|scale_48_reload                                                |   in|   24|     ap_none|                                          scale_48_reload|        scalar|
|scale_52_reload                                                |   in|   24|     ap_none|                                          scale_52_reload|        scalar|
|scale_56_reload                                                |   in|   24|     ap_none|                                          scale_56_reload|        scalar|
|scale_60_reload                                                |   in|   24|     ap_none|                                          scale_60_reload|        scalar|
|scale_1_reload                                                 |   in|   24|     ap_none|                                           scale_1_reload|        scalar|
|scale_5_reload                                                 |   in|   24|     ap_none|                                           scale_5_reload|        scalar|
|scale_9_reload                                                 |   in|   24|     ap_none|                                           scale_9_reload|        scalar|
|scale_13_reload                                                |   in|   24|     ap_none|                                          scale_13_reload|        scalar|
|scale_17_reload                                                |   in|   24|     ap_none|                                          scale_17_reload|        scalar|
|scale_21_reload                                                |   in|   24|     ap_none|                                          scale_21_reload|        scalar|
|scale_25_reload                                                |   in|   24|     ap_none|                                          scale_25_reload|        scalar|
|scale_29_reload                                                |   in|   24|     ap_none|                                          scale_29_reload|        scalar|
|scale_33_reload                                                |   in|   24|     ap_none|                                          scale_33_reload|        scalar|
|scale_37_reload                                                |   in|   24|     ap_none|                                          scale_37_reload|        scalar|
|scale_41_reload                                                |   in|   24|     ap_none|                                          scale_41_reload|        scalar|
|scale_45_reload                                                |   in|   24|     ap_none|                                          scale_45_reload|        scalar|
|scale_49_reload                                                |   in|   24|     ap_none|                                          scale_49_reload|        scalar|
|scale_53_reload                                                |   in|   24|     ap_none|                                          scale_53_reload|        scalar|
|scale_57_reload                                                |   in|   24|     ap_none|                                          scale_57_reload|        scalar|
|scale_61_reload                                                |   in|   24|     ap_none|                                          scale_61_reload|        scalar|
|scale_2_reload                                                 |   in|   24|     ap_none|                                           scale_2_reload|        scalar|
|scale_6_reload                                                 |   in|   24|     ap_none|                                           scale_6_reload|        scalar|
|scale_10_reload                                                |   in|   24|     ap_none|                                          scale_10_reload|        scalar|
|scale_14_reload                                                |   in|   24|     ap_none|                                          scale_14_reload|        scalar|
|scale_18_reload                                                |   in|   24|     ap_none|                                          scale_18_reload|        scalar|
|scale_22_reload                                                |   in|   24|     ap_none|                                          scale_22_reload|        scalar|
|scale_26_reload                                                |   in|   24|     ap_none|                                          scale_26_reload|        scalar|
|scale_30_reload                                                |   in|   24|     ap_none|                                          scale_30_reload|        scalar|
|scale_34_reload                                                |   in|   24|     ap_none|                                          scale_34_reload|        scalar|
|scale_38_reload                                                |   in|   24|     ap_none|                                          scale_38_reload|        scalar|
|scale_42_reload                                                |   in|   24|     ap_none|                                          scale_42_reload|        scalar|
|scale_46_reload                                                |   in|   24|     ap_none|                                          scale_46_reload|        scalar|
|scale_50_reload                                                |   in|   24|     ap_none|                                          scale_50_reload|        scalar|
|scale_54_reload                                                |   in|   24|     ap_none|                                          scale_54_reload|        scalar|
|scale_58_reload                                                |   in|   24|     ap_none|                                          scale_58_reload|        scalar|
|scale_62_reload                                                |   in|   24|     ap_none|                                          scale_62_reload|        scalar|
|scale_3_reload                                                 |   in|   24|     ap_none|                                           scale_3_reload|        scalar|
|scale_7_reload                                                 |   in|   24|     ap_none|                                           scale_7_reload|        scalar|
|scale_11_reload                                                |   in|   24|     ap_none|                                          scale_11_reload|        scalar|
|scale_15_reload                                                |   in|   24|     ap_none|                                          scale_15_reload|        scalar|
|scale_19_reload                                                |   in|   24|     ap_none|                                          scale_19_reload|        scalar|
|scale_23_reload                                                |   in|   24|     ap_none|                                          scale_23_reload|        scalar|
|scale_27_reload                                                |   in|   24|     ap_none|                                          scale_27_reload|        scalar|
|scale_31_reload                                                |   in|   24|     ap_none|                                          scale_31_reload|        scalar|
|scale_35_reload                                                |   in|   24|     ap_none|                                          scale_35_reload|        scalar|
|scale_39_reload                                                |   in|   24|     ap_none|                                          scale_39_reload|        scalar|
|scale_43_reload                                                |   in|   24|     ap_none|                                          scale_43_reload|        scalar|
|scale_47_reload                                                |   in|   24|     ap_none|                                          scale_47_reload|        scalar|
|scale_51_reload                                                |   in|   24|     ap_none|                                          scale_51_reload|        scalar|
|scale_55_reload                                                |   in|   24|     ap_none|                                          scale_55_reload|        scalar|
|scale_59_reload                                                |   in|   24|     ap_none|                                          scale_59_reload|        scalar|
|scale_63_reload                                                |   in|   24|     ap_none|                                          scale_63_reload|        scalar|
|top_kernel_ap_fixed_64_ap_fixed_24_10_0_0_0_64_tmp_3_address0  |  out|   12|   ap_memory|     top_kernel_ap_fixed_64_ap_fixed_24_10_0_0_0_64_tmp_3|         array|
|top_kernel_ap_fixed_64_ap_fixed_24_10_0_0_0_64_tmp_3_ce0       |  out|    1|   ap_memory|     top_kernel_ap_fixed_64_ap_fixed_24_10_0_0_0_64_tmp_3|         array|
|top_kernel_ap_fixed_64_ap_fixed_24_10_0_0_0_64_tmp_3_q0        |   in|   24|   ap_memory|     top_kernel_ap_fixed_64_ap_fixed_24_10_0_0_0_64_tmp_3|         array|
|top_kernel_ap_fixed_64_ap_fixed_24_10_0_0_0_64_tmp_2_address0  |  out|   12|   ap_memory|     top_kernel_ap_fixed_64_ap_fixed_24_10_0_0_0_64_tmp_2|         array|
|top_kernel_ap_fixed_64_ap_fixed_24_10_0_0_0_64_tmp_2_ce0       |  out|    1|   ap_memory|     top_kernel_ap_fixed_64_ap_fixed_24_10_0_0_0_64_tmp_2|         array|
|top_kernel_ap_fixed_64_ap_fixed_24_10_0_0_0_64_tmp_2_q0        |   in|   24|   ap_memory|     top_kernel_ap_fixed_64_ap_fixed_24_10_0_0_0_64_tmp_2|         array|
|top_kernel_ap_fixed_64_ap_fixed_24_10_0_0_0_64_tmp_1_address0  |  out|   12|   ap_memory|     top_kernel_ap_fixed_64_ap_fixed_24_10_0_0_0_64_tmp_1|         array|
|top_kernel_ap_fixed_64_ap_fixed_24_10_0_0_0_64_tmp_1_ce0       |  out|    1|   ap_memory|     top_kernel_ap_fixed_64_ap_fixed_24_10_0_0_0_64_tmp_1|         array|
|top_kernel_ap_fixed_64_ap_fixed_24_10_0_0_0_64_tmp_1_q0        |   in|   24|   ap_memory|     top_kernel_ap_fixed_64_ap_fixed_24_10_0_0_0_64_tmp_1|         array|
|top_kernel_ap_fixed_64_ap_fixed_24_10_0_0_0_64_tmp_address0    |  out|   12|   ap_memory|       top_kernel_ap_fixed_64_ap_fixed_24_10_0_0_0_64_tmp|         array|
|top_kernel_ap_fixed_64_ap_fixed_24_10_0_0_0_64_tmp_ce0         |  out|    1|   ap_memory|       top_kernel_ap_fixed_64_ap_fixed_24_10_0_0_0_64_tmp|         array|
|top_kernel_ap_fixed_64_ap_fixed_24_10_0_0_0_64_tmp_q0          |   in|   24|   ap_memory|       top_kernel_ap_fixed_64_ap_fixed_24_10_0_0_0_64_tmp|         array|
+---------------------------------------------------------------+-----+-----+------------+---------------------------------------------------------+--------------+

