

================================================================
== Vitis HLS Report for 'top_kernel'
================================================================
* Date:           Mon Jan 26 23:24:39 2026

* Version:        2025.1.1 (Build 6214317 on Sep 11 2025)
* Project:        project_1
* Solution:       hls (Vivado IP Flow Target)
* Product family: zynquplus
* Target device:  xczu3eg-sbva484-1-e


================================================================
== Performance Estimates
================================================================
+ Timing: 
    * Summary: 
    +--------+----------+----------+------------+
    |  Clock |  Target  | Estimated| Uncertainty|
    +--------+----------+----------+------------+
    |ap_clk  |  10.00 ns|  7.277 ns|     2.70 ns|
    +--------+----------+----------+------------+

+ Latency: 
    * Summary: 
    +---------+---------+----------+----------+-------+-------+---------+
    |  Latency (cycles) |  Latency (absolute) |    Interval   | Pipeline|
    |   min   |   max   |    min   |    max   |  min  |  max  |   Type  |
    +---------+---------+----------+----------+-------+-------+---------+
    |    52685|    52685|  0.527 ms|  0.527 ms|  52686|  52686|       no|
    +---------+---------+----------+----------+-------+-------+---------+

    + Detail: 
        * Instance: 
        +-----------------------------------------------------------------------+-----------------------------------------------------------+---------+---------+-----------+-----------+-------+-------+------------------------------------------------+
        |                                                                       |                                                           |  Latency (cycles) |   Latency (absolute)  |    Interval   |                    Pipeline                    |
        |                                Instance                               |                           Module                          |   min   |   max   |    min    |    max    |  min  |  max  |                      Type                      |
        +-----------------------------------------------------------------------+-----------------------------------------------------------+---------+---------+-----------+-----------+-------+-------+------------------------------------------------+
        |grp_top_kernel_Outline_VITIS_LOOP_54_1_fu_1154                         |top_kernel_Outline_VITIS_LOOP_54_1                         |    17665|    17665|   0.177 ms|   0.177 ms|  17665|  17665|                                              no|
        |grp_top_kernel_Pipeline_VITIS_LOOP_83_6_fu_1686                        |top_kernel_Pipeline_VITIS_LOOP_83_6                        |       66|       66|   0.660 us|   0.660 us|     65|     65|  loop auto-rewind stp (delay=0 clock cycles(s))|
        |grp_top_kernel_Pipeline_VITIS_LOOP_69_4_VITIS_LOOP_71_5_fu_1747        |top_kernel_Pipeline_VITIS_LOOP_69_4_VITIS_LOOP_71_5        |     2093|     2093|  20.930 us|  20.930 us|   2049|   2049|  loop auto-rewind stp (delay=0 clock cycles(s))|
        |grp_top_kernel_Pipeline_VITIS_LOOP_69_4_VITIS_LOOP_71_51_fu_2011       |top_kernel_Pipeline_VITIS_LOOP_69_4_VITIS_LOOP_71_51       |     2093|     2093|  20.930 us|  20.930 us|   2049|   2049|  loop auto-rewind stp (delay=0 clock cycles(s))|
        |grp_top_kernel_Pipeline_VITIS_LOOP_69_4_VITIS_LOOP_71_52_fu_2275       |top_kernel_Pipeline_VITIS_LOOP_69_4_VITIS_LOOP_71_52       |     2093|     2093|  20.930 us|  20.930 us|   2049|   2049|  loop auto-rewind stp (delay=0 clock cycles(s))|
        |grp_top_kernel_Pipeline_VITIS_LOOP_69_4_VITIS_LOOP_71_53_fu_2539       |top_kernel_Pipeline_VITIS_LOOP_69_4_VITIS_LOOP_71_53       |     2093|     2093|  20.930 us|  20.930 us|   2049|   2049|  loop auto-rewind stp (delay=0 clock cycles(s))|
        |grp_top_kernel_Pipeline_VITIS_LOOP_69_4_VITIS_LOOP_71_54_fu_2803       |top_kernel_Pipeline_VITIS_LOOP_69_4_VITIS_LOOP_71_54       |     2093|     2093|  20.930 us|  20.930 us|   2049|   2049|  loop auto-rewind stp (delay=0 clock cycles(s))|
        |grp_top_kernel_Pipeline_VITIS_LOOP_69_4_VITIS_LOOP_71_55_fu_3067       |top_kernel_Pipeline_VITIS_LOOP_69_4_VITIS_LOOP_71_55       |     2093|     2093|  20.930 us|  20.930 us|   2049|   2049|  loop auto-rewind stp (delay=0 clock cycles(s))|
        |grp_top_kernel_Pipeline_VITIS_LOOP_69_4_VITIS_LOOP_71_56_fu_3331       |top_kernel_Pipeline_VITIS_LOOP_69_4_VITIS_LOOP_71_56       |     2093|     2093|  20.930 us|  20.930 us|   2049|   2049|  loop auto-rewind stp (delay=0 clock cycles(s))|
        |grp_top_kernel_Pipeline_VITIS_LOOP_69_4_VITIS_LOOP_71_57_fu_3595       |top_kernel_Pipeline_VITIS_LOOP_69_4_VITIS_LOOP_71_57       |     2093|     2093|  20.930 us|  20.930 us|   2049|   2049|  loop auto-rewind stp (delay=0 clock cycles(s))|
        |grp_top_kernel_Pipeline_VITIS_LOOP_90_8_VITIS_LOOP_91_9_fu_3859        |top_kernel_Pipeline_VITIS_LOOP_90_8_VITIS_LOOP_91_9        |     2052|     2052|  20.520 us|  20.520 us|   2049|   2049|  loop auto-rewind stp (delay=0 clock cycles(s))|
        |grp_top_kernel_Pipeline_VITIS_LOOP_90_8_VITIS_LOOP_91_98_fu_3873       |top_kernel_Pipeline_VITIS_LOOP_90_8_VITIS_LOOP_91_98       |     2052|     2052|  20.520 us|  20.520 us|   2049|   2049|  loop auto-rewind stp (delay=0 clock cycles(s))|
        |grp_top_kernel_Pipeline_VITIS_LOOP_90_8_VITIS_LOOP_91_99_fu_3936       |top_kernel_Pipeline_VITIS_LOOP_90_8_VITIS_LOOP_91_99       |     2052|     2052|  20.520 us|  20.520 us|   2049|   2049|  loop auto-rewind stp (delay=0 clock cycles(s))|
        |grp_top_kernel_Pipeline_VITIS_LOOP_90_8_VITIS_LOOP_91_910_fu_3971      |top_kernel_Pipeline_VITIS_LOOP_90_8_VITIS_LOOP_91_910      |     2052|     2052|  20.520 us|  20.520 us|   2049|   2049|  loop auto-rewind stp (delay=0 clock cycles(s))|
        |grp_top_kernel_Pipeline_VITIS_LOOP_90_8_VITIS_LOOP_91_911_fu_4034      |top_kernel_Pipeline_VITIS_LOOP_90_8_VITIS_LOOP_91_911      |     2052|     2052|  20.520 us|  20.520 us|   2049|   2049|  loop auto-rewind stp (delay=0 clock cycles(s))|
        |grp_top_kernel_Pipeline_VITIS_LOOP_90_8_VITIS_LOOP_91_912_fu_4055      |top_kernel_Pipeline_VITIS_LOOP_90_8_VITIS_LOOP_91_912      |     2052|     2052|  20.520 us|  20.520 us|   2049|   2049|  loop auto-rewind stp (delay=0 clock cycles(s))|
        |grp_top_kernel_Pipeline_VITIS_LOOP_90_8_VITIS_LOOP_91_913_fu_4118      |top_kernel_Pipeline_VITIS_LOOP_90_8_VITIS_LOOP_91_913      |     2052|     2052|  20.520 us|  20.520 us|   2049|   2049|  loop auto-rewind stp (delay=0 clock cycles(s))|
        |grp_top_kernel_Pipeline_VITIS_LOOP_90_8_VITIS_LOOP_91_914_fu_4153      |top_kernel_Pipeline_VITIS_LOOP_90_8_VITIS_LOOP_91_914      |     2052|     2052|  20.520 us|  20.520 us|   2049|   2049|  loop auto-rewind stp (delay=0 clock cycles(s))|
        |grp_top_kernel_Pipeline_VITIS_LOOP_99_10_fu_4216                       |top_kernel_Pipeline_VITIS_LOOP_99_10                       |       66|       66|   0.660 us|   0.660 us|     65|     65|  loop auto-rewind stp (delay=0 clock cycles(s))|
        |grp_top_kernel_Pipeline_VITIS_LOOP_109_12_VITIS_LOOP_110_13_fu_4348    |top_kernel_Pipeline_VITIS_LOOP_109_12_VITIS_LOOP_110_13    |     2051|     2051|  20.510 us|  20.510 us|   2049|   2049|  loop auto-rewind stp (delay=0 clock cycles(s))|
        |grp_top_kernel_Pipeline_VITIS_LOOP_109_12_VITIS_LOOP_110_1315_fu_4378  |top_kernel_Pipeline_VITIS_LOOP_109_12_VITIS_LOOP_110_1315  |     2051|     2051|  20.510 us|  20.510 us|   2049|   2049|  loop auto-rewind stp (delay=0 clock cycles(s))|
        |grp_top_kernel_Pipeline_VITIS_LOOP_109_12_VITIS_LOOP_110_1316_fu_4457  |top_kernel_Pipeline_VITIS_LOOP_109_12_VITIS_LOOP_110_1316  |     2051|     2051|  20.510 us|  20.510 us|   2049|   2049|  loop auto-rewind stp (delay=0 clock cycles(s))|
        |grp_top_kernel_Pipeline_VITIS_LOOP_109_12_VITIS_LOOP_110_1317_fu_4508  |top_kernel_Pipeline_VITIS_LOOP_109_12_VITIS_LOOP_110_1317  |     2051|     2051|  20.510 us|  20.510 us|   2049|   2049|  loop auto-rewind stp (delay=0 clock cycles(s))|
        |grp_top_kernel_Pipeline_VITIS_LOOP_109_12_VITIS_LOOP_110_1318_fu_4587  |top_kernel_Pipeline_VITIS_LOOP_109_12_VITIS_LOOP_110_1318  |     2051|     2051|  20.510 us|  20.510 us|   2049|   2049|  loop auto-rewind stp (delay=0 clock cycles(s))|
        |grp_top_kernel_Pipeline_VITIS_LOOP_109_12_VITIS_LOOP_110_1319_fu_4624  |top_kernel_Pipeline_VITIS_LOOP_109_12_VITIS_LOOP_110_1319  |     2051|     2051|  20.510 us|  20.510 us|   2049|   2049|  loop auto-rewind stp (delay=0 clock cycles(s))|
        |grp_top_kernel_Pipeline_VITIS_LOOP_109_12_VITIS_LOOP_110_1320_fu_4703  |top_kernel_Pipeline_VITIS_LOOP_109_12_VITIS_LOOP_110_1320  |     2051|     2051|  20.510 us|  20.510 us|   2049|   2049|  loop auto-rewind stp (delay=0 clock cycles(s))|
        |grp_top_kernel_Pipeline_VITIS_LOOP_109_12_VITIS_LOOP_110_1321_fu_4754  |top_kernel_Pipeline_VITIS_LOOP_109_12_VITIS_LOOP_110_1321  |     2051|     2051|  20.510 us|  20.510 us|   2049|   2049|  loop auto-rewind stp (delay=0 clock cycles(s))|
        +-----------------------------------------------------------------------+-----------------------------------------------------------+---------+---------+-----------+-----------+-------+-------+------------------------------------------------+

        * Loop: 
        N/A



================================================================
== Utilization Estimates
================================================================
* Summary: 
+-----------------+---------+-----+--------+-------+-----+
|       Name      | BRAM_18K| DSP |   FF   |  LUT  | URAM|
+-----------------+---------+-----+--------+-------+-----+
|DSP              |        -|    -|       -|      -|    -|
|Expression       |        -|    -|       0|      4|    -|
|FIFO             |        -|    -|       -|      -|    -|
|Instance         |        -|   21|   34517|  53400|    -|
|Memory           |       24|    -|       0|      0|    -|
|Multiplexer      |        -|    -|       0|   2864|    -|
|Register         |        -|    -|    7673|      -|    -|
+-----------------+---------+-----+--------+-------+-----+
|Total            |       24|   21|   42190|  56268|    0|
+-----------------+---------+-----+--------+-------+-----+
|Available        |      432|  360|  141120|  70560|    0|
+-----------------+---------+-----+--------+-------+-----+
|Utilization (%)  |        5|    5|      29|     79|    0|
+-----------------+---------+-----+--------+-------+-----+

+ Detail: 
    * Instance: 
    +-----------------------------------------------------------------------+-----------------------------------------------------------+---------+----+------+------+-----+
    |                                Instance                               |                           Module                          | BRAM_18K| DSP|  FF  |  LUT | URAM|
    +-----------------------------------------------------------------------+-----------------------------------------------------------+---------+----+------+------+-----+
    |grp_top_kernel_Outline_VITIS_LOOP_54_1_fu_1154                         |top_kernel_Outline_VITIS_LOOP_54_1                         |        0|   0|   324|   390|    0|
    |grp_top_kernel_Pipeline_VITIS_LOOP_109_12_VITIS_LOOP_110_13_fu_4348    |top_kernel_Pipeline_VITIS_LOOP_109_12_VITIS_LOOP_110_13    |        0|   2|   103|   394|    0|
    |grp_top_kernel_Pipeline_VITIS_LOOP_109_12_VITIS_LOOP_110_1315_fu_4378  |top_kernel_Pipeline_VITIS_LOOP_109_12_VITIS_LOOP_110_1315  |        0|   2|   103|   600|    0|
    |grp_top_kernel_Pipeline_VITIS_LOOP_109_12_VITIS_LOOP_110_1316_fu_4457  |top_kernel_Pipeline_VITIS_LOOP_109_12_VITIS_LOOP_110_1316  |        0|   2|   103|   488|    0|
    |grp_top_kernel_Pipeline_VITIS_LOOP_109_12_VITIS_LOOP_110_1317_fu_4508  |top_kernel_Pipeline_VITIS_LOOP_109_12_VITIS_LOOP_110_1317  |        0|   2|   103|   600|    0|
    |grp_top_kernel_Pipeline_VITIS_LOOP_109_12_VITIS_LOOP_110_1318_fu_4587  |top_kernel_Pipeline_VITIS_LOOP_109_12_VITIS_LOOP_110_1318  |        0|   2|   103|   416|    0|
    |grp_top_kernel_Pipeline_VITIS_LOOP_109_12_VITIS_LOOP_110_1319_fu_4624  |top_kernel_Pipeline_VITIS_LOOP_109_12_VITIS_LOOP_110_1319  |        0|   2|   103|   600|    0|
    |grp_top_kernel_Pipeline_VITIS_LOOP_109_12_VITIS_LOOP_110_1320_fu_4703  |top_kernel_Pipeline_VITIS_LOOP_109_12_VITIS_LOOP_110_1320  |        0|   2|   103|   488|    0|
    |grp_top_kernel_Pipeline_VITIS_LOOP_109_12_VITIS_LOOP_110_1321_fu_4754  |top_kernel_Pipeline_VITIS_LOOP_109_12_VITIS_LOOP_110_1321  |        0|   2|   103|   600|    0|
    |grp_top_kernel_Pipeline_VITIS_LOOP_69_4_VITIS_LOOP_71_5_fu_1747        |top_kernel_Pipeline_VITIS_LOOP_69_4_VITIS_LOOP_71_5        |        0|   0|  3707|  4325|    0|
    |grp_top_kernel_Pipeline_VITIS_LOOP_69_4_VITIS_LOOP_71_51_fu_2011       |top_kernel_Pipeline_VITIS_LOOP_69_4_VITIS_LOOP_71_51       |        0|   0|  3707|  4325|    0|
    |grp_top_kernel_Pipeline_VITIS_LOOP_69_4_VITIS_LOOP_71_52_fu_2275       |top_kernel_Pipeline_VITIS_LOOP_69_4_VITIS_LOOP_71_52       |        0|   0|  3707|  4325|    0|
    |grp_top_kernel_Pipeline_VITIS_LOOP_69_4_VITIS_LOOP_71_53_fu_2539       |top_kernel_Pipeline_VITIS_LOOP_69_4_VITIS_LOOP_71_53       |        0|   0|  3707|  4325|    0|
    |grp_top_kernel_Pipeline_VITIS_LOOP_69_4_VITIS_LOOP_71_54_fu_2803       |top_kernel_Pipeline_VITIS_LOOP_69_4_VITIS_LOOP_71_54       |        0|   0|  3707|  4325|    0|
    |grp_top_kernel_Pipeline_VITIS_LOOP_69_4_VITIS_LOOP_71_55_fu_3067       |top_kernel_Pipeline_VITIS_LOOP_69_4_VITIS_LOOP_71_55       |        0|   0|  3707|  4325|    0|
    |grp_top_kernel_Pipeline_VITIS_LOOP_69_4_VITIS_LOOP_71_56_fu_3331       |top_kernel_Pipeline_VITIS_LOOP_69_4_VITIS_LOOP_71_56       |        0|   0|  3707|  4325|    0|
    |grp_top_kernel_Pipeline_VITIS_LOOP_69_4_VITIS_LOOP_71_57_fu_3595       |top_kernel_Pipeline_VITIS_LOOP_69_4_VITIS_LOOP_71_57       |        0|   0|  3707|  4325|    0|
    |grp_top_kernel_Pipeline_VITIS_LOOP_83_6_fu_1686                        |top_kernel_Pipeline_VITIS_LOOP_83_6                        |        0|   0|     9|    56|    0|
    |grp_top_kernel_Pipeline_VITIS_LOOP_90_8_VITIS_LOOP_91_9_fu_3859        |top_kernel_Pipeline_VITIS_LOOP_90_8_VITIS_LOOP_91_9        |        0|   0|   179|   583|    0|
    |grp_top_kernel_Pipeline_VITIS_LOOP_90_8_VITIS_LOOP_91_910_fu_3971      |top_kernel_Pipeline_VITIS_LOOP_90_8_VITIS_LOOP_91_910      |        0|   0|   303|  2369|    0|
    |grp_top_kernel_Pipeline_VITIS_LOOP_90_8_VITIS_LOOP_91_911_fu_4034      |top_kernel_Pipeline_VITIS_LOOP_90_8_VITIS_LOOP_91_911      |        0|   0|   177|   841|    0|
    |grp_top_kernel_Pipeline_VITIS_LOOP_90_8_VITIS_LOOP_91_912_fu_4055      |top_kernel_Pipeline_VITIS_LOOP_90_8_VITIS_LOOP_91_912      |        0|   0|   303|  2369|    0|
    |grp_top_kernel_Pipeline_VITIS_LOOP_90_8_VITIS_LOOP_91_913_fu_4118      |top_kernel_Pipeline_VITIS_LOOP_90_8_VITIS_LOOP_91_913      |        0|   0|   219|  1361|    0|
    |grp_top_kernel_Pipeline_VITIS_LOOP_90_8_VITIS_LOOP_91_914_fu_4153      |top_kernel_Pipeline_VITIS_LOOP_90_8_VITIS_LOOP_91_914      |        0|   0|   326|  2355|    0|
    |grp_top_kernel_Pipeline_VITIS_LOOP_90_8_VITIS_LOOP_91_98_fu_3873       |top_kernel_Pipeline_VITIS_LOOP_90_8_VITIS_LOOP_91_98       |        0|   0|   326|  2357|    0|
    |grp_top_kernel_Pipeline_VITIS_LOOP_90_8_VITIS_LOOP_91_99_fu_3936       |top_kernel_Pipeline_VITIS_LOOP_90_8_VITIS_LOOP_91_99       |        0|   0|   219|  1361|    0|
    |grp_top_kernel_Pipeline_VITIS_LOOP_99_10_fu_4216                       |top_kernel_Pipeline_VITIS_LOOP_99_10                       |        0|   5|  1652|   572|    0|
    +-----------------------------------------------------------------------+-----------------------------------------------------------+---------+----+------+------+-----+
    |Total                                                                  |                                                           |        0|  21| 34517| 53400|    0|
    +-----------------------------------------------------------------------+-----------------------------------------------------------+---------+----+------+------+-----+

    * DSP: 
    N/A

    * Memory: 
    +-------------------------------------------------------+-----------------------------------------------------------------------+---------+---+----+-----+------+-----+------+-------------+
    |                         Memory                        |                                 Module                                | BRAM_18K| FF| LUT| URAM| Words| Bits| Banks| W*Bits*Banks|
    +-------------------------------------------------------+-----------------------------------------------------------------------+---------+---+----+-----+------+-----+------+-------------+
    |top_kernel_ap_fixed_64_ap_fixed_24_8_0_0_0_64_tmp_7_U  |top_kernel_ap_fixed_64_ap_fixed_24_8_0_0_0_64_tmp_7_RAM_T2P_BRAM_1R1W  |        3|  0|   0|    0|  2048|   24|     1|        49152|
    |top_kernel_ap_fixed_64_ap_fixed_24_8_0_0_0_64_tmp_6_U  |top_kernel_ap_fixed_64_ap_fixed_24_8_0_0_0_64_tmp_7_RAM_T2P_BRAM_1R1W  |        3|  0|   0|    0|  2048|   24|     1|        49152|
    |top_kernel_ap_fixed_64_ap_fixed_24_8_0_0_0_64_tmp_5_U  |top_kernel_ap_fixed_64_ap_fixed_24_8_0_0_0_64_tmp_7_RAM_T2P_BRAM_1R1W  |        3|  0|   0|    0|  2048|   24|     1|        49152|
    |top_kernel_ap_fixed_64_ap_fixed_24_8_0_0_0_64_tmp_4_U  |top_kernel_ap_fixed_64_ap_fixed_24_8_0_0_0_64_tmp_7_RAM_T2P_BRAM_1R1W  |        3|  0|   0|    0|  2048|   24|     1|        49152|
    |top_kernel_ap_fixed_64_ap_fixed_24_8_0_0_0_64_tmp_3_U  |top_kernel_ap_fixed_64_ap_fixed_24_8_0_0_0_64_tmp_7_RAM_T2P_BRAM_1R1W  |        3|  0|   0|    0|  2048|   24|     1|        49152|
    |top_kernel_ap_fixed_64_ap_fixed_24_8_0_0_0_64_tmp_2_U  |top_kernel_ap_fixed_64_ap_fixed_24_8_0_0_0_64_tmp_7_RAM_T2P_BRAM_1R1W  |        3|  0|   0|    0|  2048|   24|     1|        49152|
    |top_kernel_ap_fixed_64_ap_fixed_24_8_0_0_0_64_tmp_1_U  |top_kernel_ap_fixed_64_ap_fixed_24_8_0_0_0_64_tmp_7_RAM_T2P_BRAM_1R1W  |        3|  0|   0|    0|  2048|   24|     1|        49152|
    |top_kernel_ap_fixed_64_ap_fixed_24_8_0_0_0_64_tmp_U    |top_kernel_ap_fixed_64_ap_fixed_24_8_0_0_0_64_tmp_7_RAM_T2P_BRAM_1R1W  |        3|  0|   0|    0|  2048|   24|     1|        49152|
    +-------------------------------------------------------+-----------------------------------------------------------------------+---------+---+----+-----+------+-----+------+-------------+
    |Total                                                  |                                                                       |       24|  0|   0|    0| 16384|  192|     8|       393216|
    +-------------------------------------------------------+-----------------------------------------------------------------------+---------+---+----+-----+------+-----+------+-------------+

    * FIFO: 
    N/A

    * Expression: 
    +---------------------------------+----------+----+---+----+------------+------------+
    |          Variable Name          | Operation| DSP| FF| LUT| Bitwidth P0| Bitwidth P1|
    +---------------------------------+----------+----+---+----+------------+------------+
    |ap_block_state2_on_subcall_done  |        or|   0|  0|   2|           1|           1|
    |ap_block_state4_on_subcall_done  |        or|   0|  0|   2|           1|           1|
    +---------------------------------+----------+----+---+----+------------+------------+
    |Total                            |          |   0|  0|   4|           2|           2|
    +---------------------------------+----------+----+---+----+------------+------------+

    * Multiplexer: 
    +--------------------------------------------------------------+-----+-----------+-----+-----------+
    |                             Name                             | LUT | Input Size| Bits| Total Bits|
    +--------------------------------------------------------------+-----+-----------+-----+-----------+
    |A_0_address0                                                  |   14|          3|   11|         33|
    |A_0_ce0                                                       |   14|          3|    1|          3|
    |A_1_address0                                                  |   14|          3|   11|         33|
    |A_1_ce0                                                       |   14|          3|    1|          3|
    |A_2_address0                                                  |   14|          3|   11|         33|
    |A_2_ce0                                                       |   14|          3|    1|          3|
    |A_3_address0                                                  |   14|          3|   11|         33|
    |A_3_ce0                                                       |   14|          3|    1|          3|
    |A_4_address0                                                  |   14|          3|   11|         33|
    |A_4_ce0                                                       |   14|          3|    1|          3|
    |A_5_address0                                                  |   14|          3|   11|         33|
    |A_5_ce0                                                       |   14|          3|    1|          3|
    |A_6_address0                                                  |   14|          3|   11|         33|
    |A_6_ce0                                                       |   14|          3|    1|          3|
    |A_7_address0                                                  |   14|          3|   11|         33|
    |A_7_ce0                                                       |   14|          3|    1|          3|
    |C_0_ce0                                                       |    9|          2|    1|          2|
    |C_0_we0                                                       |    9|          2|    1|          2|
    |C_1_ce0                                                       |    9|          2|    1|          2|
    |C_1_we0                                                       |    9|          2|    1|          2|
    |C_2_ce0                                                       |    9|          2|    1|          2|
    |C_2_we0                                                       |    9|          2|    1|          2|
    |C_3_ce0                                                       |    9|          2|    1|          2|
    |C_3_we0                                                       |    9|          2|    1|          2|
    |C_4_ce0                                                       |    9|          2|    1|          2|
    |C_4_we0                                                       |    9|          2|    1|          2|
    |C_5_ce0                                                       |    9|          2|    1|          2|
    |C_5_we0                                                       |    9|          2|    1|          2|
    |C_6_ce0                                                       |    9|          2|    1|          2|
    |C_6_we0                                                       |    9|          2|    1|          2|
    |C_7_ce0                                                       |    9|          2|    1|          2|
    |C_7_we0                                                       |    9|          2|    1|          2|
    |ap_NS_fsm                                                     |  173|         39|    1|         39|
    |col_sum_10_fu_946                                             |   26|          5|   24|        120|
    |col_sum_11_fu_950                                             |   43|          8|   24|        192|
    |col_sum_12_fu_954                                             |   26|          5|   24|        120|
    |col_sum_13_fu_958                                             |   37|          7|   24|        168|
    |col_sum_14_fu_962                                             |   26|          5|   24|        120|
    |col_sum_15_fu_966                                             |   49|          9|   24|        216|
    |col_sum_16_fu_970                                             |   26|          5|   24|        120|
    |col_sum_17_fu_974                                             |   37|          7|   24|        168|
    |col_sum_18_fu_978                                             |   26|          5|   24|        120|
    |col_sum_19_fu_982                                             |   43|          8|   24|        192|
    |col_sum_20_fu_986                                             |   26|          5|   24|        120|
    |col_sum_21_fu_990                                             |   37|          7|   24|        168|
    |col_sum_22_fu_994                                             |   26|          5|   24|        120|
    |col_sum_23_fu_998                                             |   49|          9|   24|        216|
    |col_sum_24_fu_1002                                            |   26|          5|   24|        120|
    |col_sum_25_fu_1006                                            |   37|          7|   24|        168|
    |col_sum_26_fu_1010                                            |   26|          5|   24|        120|
    |col_sum_27_fu_1014                                            |   43|          8|   24|        192|
    |col_sum_28_fu_1018                                            |   26|          5|   24|        120|
    |col_sum_29_fu_1022                                            |   37|          7|   24|        168|
    |col_sum_2_fu_910                                              |   14|          3|   24|         72|
    |col_sum_30_fu_1026                                            |   26|          5|   24|        120|
    |col_sum_31_fu_1030                                            |   49|          9|   24|        216|
    |col_sum_32_fu_1034                                            |   26|          5|   24|        120|
    |col_sum_33_fu_1038                                            |   37|          7|   24|        168|
    |col_sum_34_fu_1042                                            |   26|          5|   24|        120|
    |col_sum_35_fu_1046                                            |   43|          8|   24|        192|
    |col_sum_36_fu_1050                                            |   26|          5|   24|        120|
    |col_sum_37_fu_1054                                            |   37|          7|   24|        168|
    |col_sum_38_fu_1058                                            |   26|          5|   24|        120|
    |col_sum_39_fu_1062                                            |   49|          9|   24|        216|
    |col_sum_3_fu_914                                              |   14|          3|   24|         72|
    |col_sum_40_fu_1066                                            |   26|          5|   24|        120|
    |col_sum_41_fu_1070                                            |   37|          7|   24|        168|
    |col_sum_42_fu_1074                                            |   26|          5|   24|        120|
    |col_sum_43_fu_1078                                            |   43|          8|   24|        192|
    |col_sum_44_fu_1082                                            |   26|          5|   24|        120|
    |col_sum_45_fu_1086                                            |   37|          7|   24|        168|
    |col_sum_46_fu_1090                                            |   26|          5|   24|        120|
    |col_sum_47_fu_1094                                            |   49|          9|   24|        216|
    |col_sum_48_fu_1098                                            |   26|          5|   24|        120|
    |col_sum_49_fu_1102                                            |   37|          7|   24|        168|
    |col_sum_4_fu_922                                              |   20|          4|   24|         96|
    |col_sum_50_fu_1106                                            |   26|          5|   24|        120|
    |col_sum_51_fu_1110                                            |   43|          8|   24|        192|
    |col_sum_52_fu_1114                                            |   26|          5|   24|        120|
    |col_sum_53_fu_1118                                            |   37|          7|   24|        168|
    |col_sum_54_fu_1122                                            |   26|          5|   24|        120|
    |col_sum_55_fu_1126                                            |   49|          9|   24|        216|
    |col_sum_56_fu_1130                                            |   26|          5|   24|        120|
    |col_sum_57_fu_1134                                            |   31|          6|   24|        144|
    |col_sum_58_fu_1138                                            |   20|          4|   24|         96|
    |col_sum_59_fu_1142                                            |   26|          5|   24|        120|
    |col_sum_5_fu_926                                              |   31|          6|   24|        144|
    |col_sum_60_fu_1146                                            |   14|          3|   24|         72|
    |col_sum_61_fu_1150                                            |   14|          3|   24|         72|
    |col_sum_6_fu_930                                              |   26|          5|   24|        120|
    |col_sum_7_fu_934                                              |   49|          9|   24|        216|
    |col_sum_8_fu_938                                              |   26|          5|   24|        120|
    |col_sum_9_fu_942                                              |   37|          7|   24|        168|
    |col_sum_fu_918                                                |   26|          5|   24|        120|
    |top_kernel_ap_fixed_64_ap_fixed_24_8_0_0_0_64_tmp_1_address0  |   20|          4|   11|         44|
    |top_kernel_ap_fixed_64_ap_fixed_24_8_0_0_0_64_tmp_1_ce0       |   20|          4|    1|          4|
    |top_kernel_ap_fixed_64_ap_fixed_24_8_0_0_0_64_tmp_1_we0       |    9|          2|    1|          2|
    |top_kernel_ap_fixed_64_ap_fixed_24_8_0_0_0_64_tmp_2_address0  |   20|          4|   11|         44|
    |top_kernel_ap_fixed_64_ap_fixed_24_8_0_0_0_64_tmp_2_ce0       |   20|          4|    1|          4|
    |top_kernel_ap_fixed_64_ap_fixed_24_8_0_0_0_64_tmp_2_we0       |    9|          2|    1|          2|
    |top_kernel_ap_fixed_64_ap_fixed_24_8_0_0_0_64_tmp_3_address0  |   20|          4|   11|         44|
    |top_kernel_ap_fixed_64_ap_fixed_24_8_0_0_0_64_tmp_3_ce0       |   20|          4|    1|          4|
    |top_kernel_ap_fixed_64_ap_fixed_24_8_0_0_0_64_tmp_3_we0       |    9|          2|    1|          2|
    |top_kernel_ap_fixed_64_ap_fixed_24_8_0_0_0_64_tmp_4_address0  |   20|          4|   11|         44|
    |top_kernel_ap_fixed_64_ap_fixed_24_8_0_0_0_64_tmp_4_ce0       |   20|          4|    1|          4|
    |top_kernel_ap_fixed_64_ap_fixed_24_8_0_0_0_64_tmp_4_we0       |    9|          2|    1|          2|
    |top_kernel_ap_fixed_64_ap_fixed_24_8_0_0_0_64_tmp_5_address0  |   20|          4|   11|         44|
    |top_kernel_ap_fixed_64_ap_fixed_24_8_0_0_0_64_tmp_5_ce0       |   20|          4|    1|          4|
    |top_kernel_ap_fixed_64_ap_fixed_24_8_0_0_0_64_tmp_5_we0       |    9|          2|    1|          2|
    |top_kernel_ap_fixed_64_ap_fixed_24_8_0_0_0_64_tmp_6_address0  |   20|          4|   11|         44|
    |top_kernel_ap_fixed_64_ap_fixed_24_8_0_0_0_64_tmp_6_ce0       |   20|          4|    1|          4|
    |top_kernel_ap_fixed_64_ap_fixed_24_8_0_0_0_64_tmp_6_we0       |    9|          2|    1|          2|
    |top_kernel_ap_fixed_64_ap_fixed_24_8_0_0_0_64_tmp_7_address0  |   20|          4|   11|         44|
    |top_kernel_ap_fixed_64_ap_fixed_24_8_0_0_0_64_tmp_7_ce0       |   20|          4|    1|          4|
    |top_kernel_ap_fixed_64_ap_fixed_24_8_0_0_0_64_tmp_7_we0       |    9|          2|    1|          2|
    |top_kernel_ap_fixed_64_ap_fixed_24_8_0_0_0_64_tmp_address0    |   20|          4|   11|         44|
    |top_kernel_ap_fixed_64_ap_fixed_24_8_0_0_0_64_tmp_ce0         |   20|          4|    1|          4|
    |top_kernel_ap_fixed_64_ap_fixed_24_8_0_0_0_64_tmp_we0         |    9|          2|    1|          2|
    +--------------------------------------------------------------+-----+-----------+-----+-----------+
    |Total                                                         | 2864|        566| 1681|       9567|
    +--------------------------------------------------------------+-----+-----------+-----+-----------+

    * Register: 
    +------------------------------------------------------------------------------------------------------------+----+----+-----+-----------+
    |                                                    Name                                                    | FF | LUT| Bits| Const Bits|
    +------------------------------------------------------------------------------------------------------------+----+----+-----+-----------+
    |ap_CS_fsm                                                                                                   |  38|   0|   38|          0|
    |col_sum_10_fu_946                                                                                           |  24|   0|   24|          0|
    |col_sum_11_fu_950                                                                                           |  24|   0|   24|          0|
    |col_sum_12_fu_954                                                                                           |  24|   0|   24|          0|
    |col_sum_13_fu_958                                                                                           |  24|   0|   24|          0|
    |col_sum_14_fu_962                                                                                           |  24|   0|   24|          0|
    |col_sum_15_fu_966                                                                                           |  24|   0|   24|          0|
    |col_sum_16_fu_970                                                                                           |  24|   0|   24|          0|
    |col_sum_17_fu_974                                                                                           |  24|   0|   24|          0|
    |col_sum_18_fu_978                                                                                           |  24|   0|   24|          0|
    |col_sum_19_fu_982                                                                                           |  24|   0|   24|          0|
    |col_sum_20_fu_986                                                                                           |  24|   0|   24|          0|
    |col_sum_21_fu_990                                                                                           |  24|   0|   24|          0|
    |col_sum_22_fu_994                                                                                           |  24|   0|   24|          0|
    |col_sum_23_fu_998                                                                                           |  24|   0|   24|          0|
    |col_sum_24_fu_1002                                                                                          |  24|   0|   24|          0|
    |col_sum_25_fu_1006                                                                                          |  24|   0|   24|          0|
    |col_sum_26_fu_1010                                                                                          |  24|   0|   24|          0|
    |col_sum_27_fu_1014                                                                                          |  24|   0|   24|          0|
    |col_sum_28_fu_1018                                                                                          |  24|   0|   24|          0|
    |col_sum_29_fu_1022                                                                                          |  24|   0|   24|          0|
    |col_sum_2_fu_910                                                                                            |  24|   0|   24|          0|
    |col_sum_30_fu_1026                                                                                          |  24|   0|   24|          0|
    |col_sum_31_fu_1030                                                                                          |  24|   0|   24|          0|
    |col_sum_32_fu_1034                                                                                          |  24|   0|   24|          0|
    |col_sum_33_fu_1038                                                                                          |  24|   0|   24|          0|
    |col_sum_34_fu_1042                                                                                          |  24|   0|   24|          0|
    |col_sum_35_fu_1046                                                                                          |  24|   0|   24|          0|
    |col_sum_36_fu_1050                                                                                          |  24|   0|   24|          0|
    |col_sum_37_fu_1054                                                                                          |  24|   0|   24|          0|
    |col_sum_38_fu_1058                                                                                          |  24|   0|   24|          0|
    |col_sum_39_fu_1062                                                                                          |  24|   0|   24|          0|
    |col_sum_3_fu_914                                                                                            |  24|   0|   24|          0|
    |col_sum_40_fu_1066                                                                                          |  24|   0|   24|          0|
    |col_sum_41_fu_1070                                                                                          |  24|   0|   24|          0|
    |col_sum_42_fu_1074                                                                                          |  24|   0|   24|          0|
    |col_sum_43_fu_1078                                                                                          |  24|   0|   24|          0|
    |col_sum_44_fu_1082                                                                                          |  24|   0|   24|          0|
    |col_sum_45_fu_1086                                                                                          |  24|   0|   24|          0|
    |col_sum_46_fu_1090                                                                                          |  24|   0|   24|          0|
    |col_sum_47_fu_1094                                                                                          |  24|   0|   24|          0|
    |col_sum_48_fu_1098                                                                                          |  24|   0|   24|          0|
    |col_sum_49_fu_1102                                                                                          |  24|   0|   24|          0|
    |col_sum_4_fu_922                                                                                            |  24|   0|   24|          0|
    |col_sum_50_fu_1106                                                                                          |  24|   0|   24|          0|
    |col_sum_51_fu_1110                                                                                          |  24|   0|   24|          0|
    |col_sum_52_fu_1114                                                                                          |  24|   0|   24|          0|
    |col_sum_53_fu_1118                                                                                          |  24|   0|   24|          0|
    |col_sum_54_fu_1122                                                                                          |  24|   0|   24|          0|
    |col_sum_55_fu_1126                                                                                          |  24|   0|   24|          0|
    |col_sum_56_fu_1130                                                                                          |  24|   0|   24|          0|
    |col_sum_57_fu_1134                                                                                          |  24|   0|   24|          0|
    |col_sum_58_fu_1138                                                                                          |  24|   0|   24|          0|
    |col_sum_59_fu_1142                                                                                          |  24|   0|   24|          0|
    |col_sum_5_fu_926                                                                                            |  24|   0|   24|          0|
    |col_sum_60_fu_1146                                                                                          |  24|   0|   24|          0|
    |col_sum_61_fu_1150                                                                                          |  24|   0|   24|          0|
    |col_sum_6_fu_930                                                                                            |  24|   0|   24|          0|
    |col_sum_7_fu_934                                                                                            |  24|   0|   24|          0|
    |col_sum_8_fu_938                                                                                            |  24|   0|   24|          0|
    |col_sum_9_fu_942                                                                                            |  24|   0|   24|          0|
    |col_sum_fu_918                                                                                              |  24|   0|   24|          0|
    |grp_top_kernel_Outline_VITIS_LOOP_54_1_fu_1154_ap_start_reg                                                 |   1|   0|    1|          0|
    |grp_top_kernel_Pipeline_VITIS_LOOP_109_12_VITIS_LOOP_110_1315_fu_4378_ap_start_reg                          |   1|   0|    1|          0|
    |grp_top_kernel_Pipeline_VITIS_LOOP_109_12_VITIS_LOOP_110_1316_fu_4457_ap_start_reg                          |   1|   0|    1|          0|
    |grp_top_kernel_Pipeline_VITIS_LOOP_109_12_VITIS_LOOP_110_1317_fu_4508_ap_start_reg                          |   1|   0|    1|          0|
    |grp_top_kernel_Pipeline_VITIS_LOOP_109_12_VITIS_LOOP_110_1318_fu_4587_ap_start_reg                          |   1|   0|    1|          0|
    |grp_top_kernel_Pipeline_VITIS_LOOP_109_12_VITIS_LOOP_110_1319_fu_4624_ap_start_reg                          |   1|   0|    1|          0|
    |grp_top_kernel_Pipeline_VITIS_LOOP_109_12_VITIS_LOOP_110_1320_fu_4703_ap_start_reg                          |   1|   0|    1|          0|
    |grp_top_kernel_Pipeline_VITIS_LOOP_109_12_VITIS_LOOP_110_1321_fu_4754_ap_start_reg                          |   1|   0|    1|          0|
    |grp_top_kernel_Pipeline_VITIS_LOOP_109_12_VITIS_LOOP_110_13_fu_4348_ap_start_reg                            |   1|   0|    1|          0|
    |grp_top_kernel_Pipeline_VITIS_LOOP_69_4_VITIS_LOOP_71_51_fu_2011_ap_start_reg                               |   1|   0|    1|          0|
    |grp_top_kernel_Pipeline_VITIS_LOOP_69_4_VITIS_LOOP_71_52_fu_2275_ap_start_reg                               |   1|   0|    1|          0|
    |grp_top_kernel_Pipeline_VITIS_LOOP_69_4_VITIS_LOOP_71_53_fu_2539_ap_start_reg                               |   1|   0|    1|          0|
    |grp_top_kernel_Pipeline_VITIS_LOOP_69_4_VITIS_LOOP_71_54_fu_2803_ap_start_reg                               |   1|   0|    1|          0|
    |grp_top_kernel_Pipeline_VITIS_LOOP_69_4_VITIS_LOOP_71_55_fu_3067_ap_start_reg                               |   1|   0|    1|          0|
    |grp_top_kernel_Pipeline_VITIS_LOOP_69_4_VITIS_LOOP_71_56_fu_3331_ap_start_reg                               |   1|   0|    1|          0|
    |grp_top_kernel_Pipeline_VITIS_LOOP_69_4_VITIS_LOOP_71_57_fu_3595_ap_start_reg                               |   1|   0|    1|          0|
    |grp_top_kernel_Pipeline_VITIS_LOOP_69_4_VITIS_LOOP_71_5_fu_1747_ap_start_reg                                |   1|   0|    1|          0|
    |grp_top_kernel_Pipeline_VITIS_LOOP_83_6_fu_1686_ap_start_reg                                                |   1|   0|    1|          0|
    |grp_top_kernel_Pipeline_VITIS_LOOP_90_8_VITIS_LOOP_91_910_fu_3971_ap_start_reg                              |   1|   0|    1|          0|
    |grp_top_kernel_Pipeline_VITIS_LOOP_90_8_VITIS_LOOP_91_911_fu_4034_ap_start_reg                              |   1|   0|    1|          0|
    |grp_top_kernel_Pipeline_VITIS_LOOP_90_8_VITIS_LOOP_91_912_fu_4055_ap_start_reg                              |   1|   0|    1|          0|
    |grp_top_kernel_Pipeline_VITIS_LOOP_90_8_VITIS_LOOP_91_913_fu_4118_ap_start_reg                              |   1|   0|    1|          0|
    |grp_top_kernel_Pipeline_VITIS_LOOP_90_8_VITIS_LOOP_91_914_fu_4153_ap_start_reg                              |   1|   0|    1|          0|
    |grp_top_kernel_Pipeline_VITIS_LOOP_90_8_VITIS_LOOP_91_98_fu_3873_ap_start_reg                               |   1|   0|    1|          0|
    |grp_top_kernel_Pipeline_VITIS_LOOP_90_8_VITIS_LOOP_91_99_fu_3936_ap_start_reg                               |   1|   0|    1|          0|
    |grp_top_kernel_Pipeline_VITIS_LOOP_90_8_VITIS_LOOP_91_9_fu_3859_ap_start_reg                                |   1|   0|    1|          0|
    |grp_top_kernel_Pipeline_VITIS_LOOP_99_10_fu_4216_ap_start_reg                                               |   1|   0|    1|          0|
    |p_ZZ10top_kernelPA64_8ap_fixedILi24ELi8EL9ap_q_mode0EL9ap_o_mode0ELi0EES4_E9denom                           |  24|   0|   24|          0|
    |p_ZZ10top_kernelPA64_8ap_fixedILi24ELi8EL9ap_q_mode0EL9ap_o_mode0ELi0EES4_E9denom_1                         |  24|   0|   24|          0|
    |p_ZZ10top_kernelPA64_8ap_fixedILi24ELi8EL9ap_q_mode0EL9ap_o_mode0ELi0EES4_E9denom_10                        |  24|   0|   24|          0|
    |p_ZZ10top_kernelPA64_8ap_fixedILi24ELi8EL9ap_q_mode0EL9ap_o_mode0ELi0EES4_E9denom_11                        |  24|   0|   24|          0|
    |p_ZZ10top_kernelPA64_8ap_fixedILi24ELi8EL9ap_q_mode0EL9ap_o_mode0ELi0EES4_E9denom_12                        |  24|   0|   24|          0|
    |p_ZZ10top_kernelPA64_8ap_fixedILi24ELi8EL9ap_q_mode0EL9ap_o_mode0ELi0EES4_E9denom_13                        |  24|   0|   24|          0|
    |p_ZZ10top_kernelPA64_8ap_fixedILi24ELi8EL9ap_q_mode0EL9ap_o_mode0ELi0EES4_E9denom_14                        |  24|   0|   24|          0|
    |p_ZZ10top_kernelPA64_8ap_fixedILi24ELi8EL9ap_q_mode0EL9ap_o_mode0ELi0EES4_E9denom_15                        |  24|   0|   24|          0|
    |p_ZZ10top_kernelPA64_8ap_fixedILi24ELi8EL9ap_q_mode0EL9ap_o_mode0ELi0EES4_E9denom_16                        |  24|   0|   24|          0|
    |p_ZZ10top_kernelPA64_8ap_fixedILi24ELi8EL9ap_q_mode0EL9ap_o_mode0ELi0EES4_E9denom_17                        |  24|   0|   24|          0|
    |p_ZZ10top_kernelPA64_8ap_fixedILi24ELi8EL9ap_q_mode0EL9ap_o_mode0ELi0EES4_E9denom_18                        |  24|   0|   24|          0|
    |p_ZZ10top_kernelPA64_8ap_fixedILi24ELi8EL9ap_q_mode0EL9ap_o_mode0ELi0EES4_E9denom_19                        |  24|   0|   24|          0|
    |p_ZZ10top_kernelPA64_8ap_fixedILi24ELi8EL9ap_q_mode0EL9ap_o_mode0ELi0EES4_E9denom_2                         |  24|   0|   24|          0|
    |p_ZZ10top_kernelPA64_8ap_fixedILi24ELi8EL9ap_q_mode0EL9ap_o_mode0ELi0EES4_E9denom_20                        |  24|   0|   24|          0|
    |p_ZZ10top_kernelPA64_8ap_fixedILi24ELi8EL9ap_q_mode0EL9ap_o_mode0ELi0EES4_E9denom_21                        |  24|   0|   24|          0|
    |p_ZZ10top_kernelPA64_8ap_fixedILi24ELi8EL9ap_q_mode0EL9ap_o_mode0ELi0EES4_E9denom_22                        |  24|   0|   24|          0|
    |p_ZZ10top_kernelPA64_8ap_fixedILi24ELi8EL9ap_q_mode0EL9ap_o_mode0ELi0EES4_E9denom_23                        |  24|   0|   24|          0|
    |p_ZZ10top_kernelPA64_8ap_fixedILi24ELi8EL9ap_q_mode0EL9ap_o_mode0ELi0EES4_E9denom_24                        |  24|   0|   24|          0|
    |p_ZZ10top_kernelPA64_8ap_fixedILi24ELi8EL9ap_q_mode0EL9ap_o_mode0ELi0EES4_E9denom_25                        |  24|   0|   24|          0|
    |p_ZZ10top_kernelPA64_8ap_fixedILi24ELi8EL9ap_q_mode0EL9ap_o_mode0ELi0EES4_E9denom_26                        |  24|   0|   24|          0|
    |p_ZZ10top_kernelPA64_8ap_fixedILi24ELi8EL9ap_q_mode0EL9ap_o_mode0ELi0EES4_E9denom_27                        |  24|   0|   24|          0|
    |p_ZZ10top_kernelPA64_8ap_fixedILi24ELi8EL9ap_q_mode0EL9ap_o_mode0ELi0EES4_E9denom_28                        |  24|   0|   24|          0|
    |p_ZZ10top_kernelPA64_8ap_fixedILi24ELi8EL9ap_q_mode0EL9ap_o_mode0ELi0EES4_E9denom_29                        |  24|   0|   24|          0|
    |p_ZZ10top_kernelPA64_8ap_fixedILi24ELi8EL9ap_q_mode0EL9ap_o_mode0ELi0EES4_E9denom_3                         |  24|   0|   24|          0|
    |p_ZZ10top_kernelPA64_8ap_fixedILi24ELi8EL9ap_q_mode0EL9ap_o_mode0ELi0EES4_E9denom_30                        |  24|   0|   24|          0|
    |p_ZZ10top_kernelPA64_8ap_fixedILi24ELi8EL9ap_q_mode0EL9ap_o_mode0ELi0EES4_E9denom_31                        |  24|   0|   24|          0|
    |p_ZZ10top_kernelPA64_8ap_fixedILi24ELi8EL9ap_q_mode0EL9ap_o_mode0ELi0EES4_E9denom_32                        |  24|   0|   24|          0|
    |p_ZZ10top_kernelPA64_8ap_fixedILi24ELi8EL9ap_q_mode0EL9ap_o_mode0ELi0EES4_E9denom_33                        |  24|   0|   24|          0|
    |p_ZZ10top_kernelPA64_8ap_fixedILi24ELi8EL9ap_q_mode0EL9ap_o_mode0ELi0EES4_E9denom_34                        |  24|   0|   24|          0|
    |p_ZZ10top_kernelPA64_8ap_fixedILi24ELi8EL9ap_q_mode0EL9ap_o_mode0ELi0EES4_E9denom_35                        |  24|   0|   24|          0|
    |p_ZZ10top_kernelPA64_8ap_fixedILi24ELi8EL9ap_q_mode0EL9ap_o_mode0ELi0EES4_E9denom_36                        |  24|   0|   24|          0|
    |p_ZZ10top_kernelPA64_8ap_fixedILi24ELi8EL9ap_q_mode0EL9ap_o_mode0ELi0EES4_E9denom_37                        |  24|   0|   24|          0|
    |p_ZZ10top_kernelPA64_8ap_fixedILi24ELi8EL9ap_q_mode0EL9ap_o_mode0ELi0EES4_E9denom_38                        |  24|   0|   24|          0|
    |p_ZZ10top_kernelPA64_8ap_fixedILi24ELi8EL9ap_q_mode0EL9ap_o_mode0ELi0EES4_E9denom_39                        |  24|   0|   24|          0|
    |p_ZZ10top_kernelPA64_8ap_fixedILi24ELi8EL9ap_q_mode0EL9ap_o_mode0ELi0EES4_E9denom_4                         |  24|   0|   24|          0|
    |p_ZZ10top_kernelPA64_8ap_fixedILi24ELi8EL9ap_q_mode0EL9ap_o_mode0ELi0EES4_E9denom_40                        |  24|   0|   24|          0|
    |p_ZZ10top_kernelPA64_8ap_fixedILi24ELi8EL9ap_q_mode0EL9ap_o_mode0ELi0EES4_E9denom_41                        |  24|   0|   24|          0|
    |p_ZZ10top_kernelPA64_8ap_fixedILi24ELi8EL9ap_q_mode0EL9ap_o_mode0ELi0EES4_E9denom_42                        |  24|   0|   24|          0|
    |p_ZZ10top_kernelPA64_8ap_fixedILi24ELi8EL9ap_q_mode0EL9ap_o_mode0ELi0EES4_E9denom_43                        |  24|   0|   24|          0|
    |p_ZZ10top_kernelPA64_8ap_fixedILi24ELi8EL9ap_q_mode0EL9ap_o_mode0ELi0EES4_E9denom_44                        |  24|   0|   24|          0|
    |p_ZZ10top_kernelPA64_8ap_fixedILi24ELi8EL9ap_q_mode0EL9ap_o_mode0ELi0EES4_E9denom_45                        |  24|   0|   24|          0|
    |p_ZZ10top_kernelPA64_8ap_fixedILi24ELi8EL9ap_q_mode0EL9ap_o_mode0ELi0EES4_E9denom_46                        |  24|   0|   24|          0|
    |p_ZZ10top_kernelPA64_8ap_fixedILi24ELi8EL9ap_q_mode0EL9ap_o_mode0ELi0EES4_E9denom_47                        |  24|   0|   24|          0|
    |p_ZZ10top_kernelPA64_8ap_fixedILi24ELi8EL9ap_q_mode0EL9ap_o_mode0ELi0EES4_E9denom_48                        |  24|   0|   24|          0|
    |p_ZZ10top_kernelPA64_8ap_fixedILi24ELi8EL9ap_q_mode0EL9ap_o_mode0ELi0EES4_E9denom_49                        |  24|   0|   24|          0|
    |p_ZZ10top_kernelPA64_8ap_fixedILi24ELi8EL9ap_q_mode0EL9ap_o_mode0ELi0EES4_E9denom_5                         |  24|   0|   24|          0|
    |p_ZZ10top_kernelPA64_8ap_fixedILi24ELi8EL9ap_q_mode0EL9ap_o_mode0ELi0EES4_E9denom_50                        |  24|   0|   24|          0|
    |p_ZZ10top_kernelPA64_8ap_fixedILi24ELi8EL9ap_q_mode0EL9ap_o_mode0ELi0EES4_E9denom_51                        |  24|   0|   24|          0|
    |p_ZZ10top_kernelPA64_8ap_fixedILi24ELi8EL9ap_q_mode0EL9ap_o_mode0ELi0EES4_E9denom_52                        |  24|   0|   24|          0|
    |p_ZZ10top_kernelPA64_8ap_fixedILi24ELi8EL9ap_q_mode0EL9ap_o_mode0ELi0EES4_E9denom_53                        |  24|   0|   24|          0|
    |p_ZZ10top_kernelPA64_8ap_fixedILi24ELi8EL9ap_q_mode0EL9ap_o_mode0ELi0EES4_E9denom_54                        |  24|   0|   24|          0|
    |p_ZZ10top_kernelPA64_8ap_fixedILi24ELi8EL9ap_q_mode0EL9ap_o_mode0ELi0EES4_E9denom_55                        |  24|   0|   24|          0|
    |p_ZZ10top_kernelPA64_8ap_fixedILi24ELi8EL9ap_q_mode0EL9ap_o_mode0ELi0EES4_E9denom_56                        |  24|   0|   24|          0|
    |p_ZZ10top_kernelPA64_8ap_fixedILi24ELi8EL9ap_q_mode0EL9ap_o_mode0ELi0EES4_E9denom_57                        |  24|   0|   24|          0|
    |p_ZZ10top_kernelPA64_8ap_fixedILi24ELi8EL9ap_q_mode0EL9ap_o_mode0ELi0EES4_E9denom_58                        |  24|   0|   24|          0|
    |p_ZZ10top_kernelPA64_8ap_fixedILi24ELi8EL9ap_q_mode0EL9ap_o_mode0ELi0EES4_E9denom_59                        |  24|   0|   24|          0|
    |p_ZZ10top_kernelPA64_8ap_fixedILi24ELi8EL9ap_q_mode0EL9ap_o_mode0ELi0EES4_E9denom_6                         |  24|   0|   24|          0|
    |p_ZZ10top_kernelPA64_8ap_fixedILi24ELi8EL9ap_q_mode0EL9ap_o_mode0ELi0EES4_E9denom_60                        |  24|   0|   24|          0|
    |p_ZZ10top_kernelPA64_8ap_fixedILi24ELi8EL9ap_q_mode0EL9ap_o_mode0ELi0EES4_E9denom_61                        |  24|   0|   24|          0|
    |p_ZZ10top_kernelPA64_8ap_fixedILi24ELi8EL9ap_q_mode0EL9ap_o_mode0ELi0EES4_E9denom_62                        |  24|   0|   24|          0|
    |p_ZZ10top_kernelPA64_8ap_fixedILi24ELi8EL9ap_q_mode0EL9ap_o_mode0ELi0EES4_E9denom_63                        |  24|   0|   24|          0|
    |p_ZZ10top_kernelPA64_8ap_fixedILi24ELi8EL9ap_q_mode0EL9ap_o_mode0ELi0EES4_E9denom_64                        |  24|   0|   24|          0|
    |p_ZZ10top_kernelPA64_8ap_fixedILi24ELi8EL9ap_q_mode0EL9ap_o_mode0ELi0EES4_E9denom_65                        |  24|   0|   24|          0|
    |p_ZZ10top_kernelPA64_8ap_fixedILi24ELi8EL9ap_q_mode0EL9ap_o_mode0ELi0EES4_E9denom_66                        |  24|   0|   24|          0|
    |p_ZZ10top_kernelPA64_8ap_fixedILi24ELi8EL9ap_q_mode0EL9ap_o_mode0ELi0EES4_E9denom_67                        |  24|   0|   24|          0|
    |p_ZZ10top_kernelPA64_8ap_fixedILi24ELi8EL9ap_q_mode0EL9ap_o_mode0ELi0EES4_E9denom_68                        |  24|   0|   24|          0|
    |p_ZZ10top_kernelPA64_8ap_fixedILi24ELi8EL9ap_q_mode0EL9ap_o_mode0ELi0EES4_E9denom_69                        |  24|   0|   24|          0|
    |p_ZZ10top_kernelPA64_8ap_fixedILi24ELi8EL9ap_q_mode0EL9ap_o_mode0ELi0EES4_E9denom_7                         |  24|   0|   24|          0|
    |p_ZZ10top_kernelPA64_8ap_fixedILi24ELi8EL9ap_q_mode0EL9ap_o_mode0ELi0EES4_E9denom_70                        |  24|   0|   24|          0|
    |p_ZZ10top_kernelPA64_8ap_fixedILi24ELi8EL9ap_q_mode0EL9ap_o_mode0ELi0EES4_E9denom_71                        |  24|   0|   24|          0|
    |p_ZZ10top_kernelPA64_8ap_fixedILi24ELi8EL9ap_q_mode0EL9ap_o_mode0ELi0EES4_E9denom_72                        |  24|   0|   24|          0|
    |p_ZZ10top_kernelPA64_8ap_fixedILi24ELi8EL9ap_q_mode0EL9ap_o_mode0ELi0EES4_E9denom_73                        |  24|   0|   24|          0|
    |p_ZZ10top_kernelPA64_8ap_fixedILi24ELi8EL9ap_q_mode0EL9ap_o_mode0ELi0EES4_E9denom_74                        |  24|   0|   24|          0|
    |p_ZZ10top_kernelPA64_8ap_fixedILi24ELi8EL9ap_q_mode0EL9ap_o_mode0ELi0EES4_E9denom_75                        |  24|   0|   24|          0|
    |p_ZZ10top_kernelPA64_8ap_fixedILi24ELi8EL9ap_q_mode0EL9ap_o_mode0ELi0EES4_E9denom_76                        |  24|   0|   24|          0|
    |p_ZZ10top_kernelPA64_8ap_fixedILi24ELi8EL9ap_q_mode0EL9ap_o_mode0ELi0EES4_E9denom_77                        |  24|   0|   24|          0|
    |p_ZZ10top_kernelPA64_8ap_fixedILi24ELi8EL9ap_q_mode0EL9ap_o_mode0ELi0EES4_E9denom_78                        |  24|   0|   24|          0|
    |p_ZZ10top_kernelPA64_8ap_fixedILi24ELi8EL9ap_q_mode0EL9ap_o_mode0ELi0EES4_E9denom_79                        |  24|   0|   24|          0|
    |p_ZZ10top_kernelPA64_8ap_fixedILi24ELi8EL9ap_q_mode0EL9ap_o_mode0ELi0EES4_E9denom_8                         |  24|   0|   24|          0|
    |p_ZZ10top_kernelPA64_8ap_fixedILi24ELi8EL9ap_q_mode0EL9ap_o_mode0ELi0EES4_E9denom_80                        |  24|   0|   24|          0|
    |p_ZZ10top_kernelPA64_8ap_fixedILi24ELi8EL9ap_q_mode0EL9ap_o_mode0ELi0EES4_E9denom_81                        |  24|   0|   24|          0|
    |p_ZZ10top_kernelPA64_8ap_fixedILi24ELi8EL9ap_q_mode0EL9ap_o_mode0ELi0EES4_E9denom_82                        |  24|   0|   24|          0|
    |p_ZZ10top_kernelPA64_8ap_fixedILi24ELi8EL9ap_q_mode0EL9ap_o_mode0ELi0EES4_E9denom_83                        |  24|   0|   24|          0|
    |p_ZZ10top_kernelPA64_8ap_fixedILi24ELi8EL9ap_q_mode0EL9ap_o_mode0ELi0EES4_E9denom_84                        |  24|   0|   24|          0|
    |p_ZZ10top_kernelPA64_8ap_fixedILi24ELi8EL9ap_q_mode0EL9ap_o_mode0ELi0EES4_E9denom_85                        |  24|   0|   24|          0|
    |p_ZZ10top_kernelPA64_8ap_fixedILi24ELi8EL9ap_q_mode0EL9ap_o_mode0ELi0EES4_E9denom_86                        |  24|   0|   24|          0|
    |p_ZZ10top_kernelPA64_8ap_fixedILi24ELi8EL9ap_q_mode0EL9ap_o_mode0ELi0EES4_E9denom_87                        |  24|   0|   24|          0|
    |p_ZZ10top_kernelPA64_8ap_fixedILi24ELi8EL9ap_q_mode0EL9ap_o_mode0ELi0EES4_E9denom_88                        |  24|   0|   24|          0|
    |p_ZZ10top_kernelPA64_8ap_fixedILi24ELi8EL9ap_q_mode0EL9ap_o_mode0ELi0EES4_E9denom_89                        |  24|   0|   24|          0|
    |p_ZZ10top_kernelPA64_8ap_fixedILi24ELi8EL9ap_q_mode0EL9ap_o_mode0ELi0EES4_E9denom_9                         |  24|   0|   24|          0|
    |p_ZZ10top_kernelPA64_8ap_fixedILi24ELi8EL9ap_q_mode0EL9ap_o_mode0ELi0EES4_E9denom_90                        |  24|   0|   24|          0|
    |p_ZZ10top_kernelPA64_8ap_fixedILi24ELi8EL9ap_q_mode0EL9ap_o_mode0ELi0EES4_E9denom_91                        |  24|   0|   24|          0|
    |p_ZZ10top_kernelPA64_8ap_fixedILi24ELi8EL9ap_q_mode0EL9ap_o_mode0ELi0EES4_E9denom_92                        |  24|   0|   24|          0|
    |p_ZZ10top_kernelPA64_8ap_fixedILi24ELi8EL9ap_q_mode0EL9ap_o_mode0ELi0EES4_E9denom_93                        |  24|   0|   24|          0|
    |p_ZZ10top_kernelPA64_8ap_fixedILi24ELi8EL9ap_q_mode0EL9ap_o_mode0ELi0EES4_E9denom_94                        |  24|   0|   24|          0|
    |p_ZZ10top_kernelPA64_8ap_fixedILi24ELi8EL9ap_q_mode0EL9ap_o_mode0ELi0EES4_E9denom_95                        |  24|   0|   24|          0|
    |p_ZZ10top_kernelPA64_8ap_fixedILi24ELi8EL9ap_q_mode0EL9ap_o_mode0ELi0EES4_E9denom_96                        |  24|   0|   24|          0|
    |p_ZZ10top_kernelPA64_8ap_fixedILi24ELi8EL9ap_q_mode0EL9ap_o_mode0ELi0EES4_E9denom_97                        |  24|   0|   24|          0|
    |p_ZZ10top_kernelPA64_8ap_fixedILi24ELi8EL9ap_q_mode0EL9ap_o_mode0ELi0EES4_E9denom_98                        |  24|   0|   24|          0|
    |p_ZZ10top_kernelPA64_8ap_fixedILi24ELi8EL9ap_q_mode0EL9ap_o_mode0ELi0EES4_E9denom_99                        |  24|   0|   24|          0|
    |top_kernel_ap_fixed_24_8_ap_q_mode_0_ap_o_mode_0_0_64_ap_fixed_24_8_ap_q_mode_0_ap_o_mode_0_0_64_denom_245  |  24|   0|   24|          0|
    |top_kernel_ap_fixed_24_8_ap_q_mode_0_ap_o_mode_0_0_64_ap_fixed_24_8_ap_q_mode_0_ap_o_mode_0_0_64_denom_246  |  24|   0|   24|          0|
    |top_kernel_ap_fixed_24_8_ap_q_mode_0_ap_o_mode_0_0_64_ap_fixed_24_8_ap_q_mode_0_ap_o_mode_0_0_64_denom_247  |  24|   0|   24|          0|
    |top_kernel_ap_fixed_24_8_ap_q_mode_0_ap_o_mode_0_0_64_ap_fixed_24_8_ap_q_mode_0_ap_o_mode_0_0_64_denom_248  |  24|   0|   24|          0|
    |top_kernel_ap_fixed_24_8_ap_q_mode_0_ap_o_mode_0_0_64_ap_fixed_24_8_ap_q_mode_0_ap_o_mode_0_0_64_denom_249  |  24|   0|   24|          0|
    |top_kernel_ap_fixed_24_8_ap_q_mode_0_ap_o_mode_0_0_64_ap_fixed_24_8_ap_q_mode_0_ap_o_mode_0_0_64_denom_250  |  24|   0|   24|          0|
    |top_kernel_ap_fixed_24_8_ap_q_mode_0_ap_o_mode_0_0_64_ap_fixed_24_8_ap_q_mode_0_ap_o_mode_0_0_64_denom_251  |  24|   0|   24|          0|
    |top_kernel_ap_fixed_24_8_ap_q_mode_0_ap_o_mode_0_0_64_ap_fixed_24_8_ap_q_mode_0_ap_o_mode_0_0_64_denom_252  |  24|   0|   24|          0|
    |top_kernel_ap_fixed_24_8_ap_q_mode_0_ap_o_mode_0_0_64_ap_fixed_24_8_ap_q_mode_0_ap_o_mode_0_0_64_denom_253  |  24|   0|   24|          0|
    |top_kernel_ap_fixed_24_8_ap_q_mode_0_ap_o_mode_0_0_64_ap_fixed_24_8_ap_q_mode_0_ap_o_mode_0_0_64_denom_254  |  24|   0|   24|          0|
    |top_kernel_ap_fixed_24_8_ap_q_mode_0_ap_o_mode_0_0_64_ap_fixed_24_8_ap_q_mode_0_ap_o_mode_0_0_64_denom_255  |  24|   0|   24|          0|
    |top_kernel_ap_fixed_24_8_ap_q_mode_0_ap_o_mode_0_0_64_ap_fixed_24_8_ap_q_mode_0_ap_o_mode_0_0_64_denom_256  |  24|   0|   24|          0|
    |top_kernel_ap_fixed_24_8_ap_q_mode_0_ap_o_mode_0_0_64_ap_fixed_24_8_ap_q_mode_0_ap_o_mode_0_0_64_denom_257  |  24|   0|   24|          0|
    |top_kernel_ap_fixed_24_8_ap_q_mode_0_ap_o_mode_0_0_64_ap_fixed_24_8_ap_q_mode_0_ap_o_mode_0_0_64_denom_258  |  24|   0|   24|          0|
    |top_kernel_ap_fixed_24_8_ap_q_mode_0_ap_o_mode_0_0_64_ap_fixed_24_8_ap_q_mode_0_ap_o_mode_0_0_64_denom_259  |  24|   0|   24|          0|
    |top_kernel_ap_fixed_24_8_ap_q_mode_0_ap_o_mode_0_0_64_ap_fixed_24_8_ap_q_mode_0_ap_o_mode_0_0_64_denom_260  |  24|   0|   24|          0|
    |top_kernel_ap_fixed_24_8_ap_q_mode_0_ap_o_mode_0_0_64_ap_fixed_24_8_ap_q_mode_0_ap_o_mode_0_0_64_denom_261  |  24|   0|   24|          0|
    |top_kernel_ap_fixed_24_8_ap_q_mode_0_ap_o_mode_0_0_64_ap_fixed_24_8_ap_q_mode_0_ap_o_mode_0_0_64_denom_262  |  24|   0|   24|          0|
    |top_kernel_ap_fixed_24_8_ap_q_mode_0_ap_o_mode_0_0_64_ap_fixed_24_8_ap_q_mode_0_ap_o_mode_0_0_64_denom_263  |  24|   0|   24|          0|
    |top_kernel_ap_fixed_24_8_ap_q_mode_0_ap_o_mode_0_0_64_ap_fixed_24_8_ap_q_mode_0_ap_o_mode_0_0_64_denom_264  |  24|   0|   24|          0|
    |top_kernel_ap_fixed_24_8_ap_q_mode_0_ap_o_mode_0_0_64_ap_fixed_24_8_ap_q_mode_0_ap_o_mode_0_0_64_denom_265  |  24|   0|   24|          0|
    |top_kernel_ap_fixed_24_8_ap_q_mode_0_ap_o_mode_0_0_64_ap_fixed_24_8_ap_q_mode_0_ap_o_mode_0_0_64_denom_266  |  24|   0|   24|          0|
    |top_kernel_ap_fixed_24_8_ap_q_mode_0_ap_o_mode_0_0_64_ap_fixed_24_8_ap_q_mode_0_ap_o_mode_0_0_64_denom_267  |  24|   0|   24|          0|
    |top_kernel_ap_fixed_24_8_ap_q_mode_0_ap_o_mode_0_0_64_ap_fixed_24_8_ap_q_mode_0_ap_o_mode_0_0_64_denom_268  |  24|   0|   24|          0|
    |top_kernel_ap_fixed_24_8_ap_q_mode_0_ap_o_mode_0_0_64_ap_fixed_24_8_ap_q_mode_0_ap_o_mode_0_0_64_denom_269  |  24|   0|   24|          0|
    |top_kernel_ap_fixed_24_8_ap_q_mode_0_ap_o_mode_0_0_64_ap_fixed_24_8_ap_q_mode_0_ap_o_mode_0_0_64_denom_270  |  24|   0|   24|          0|
    |top_kernel_ap_fixed_24_8_ap_q_mode_0_ap_o_mode_0_0_64_ap_fixed_24_8_ap_q_mode_0_ap_o_mode_0_0_64_denom_271  |  24|   0|   24|          0|
    |top_kernel_ap_fixed_24_8_ap_q_mode_0_ap_o_mode_0_0_64_ap_fixed_24_8_ap_q_mode_0_ap_o_mode_0_0_64_denom_272  |  24|   0|   24|          0|
    |top_kernel_ap_fixed_24_8_ap_q_mode_0_ap_o_mode_0_0_64_ap_fixed_24_8_ap_q_mode_0_ap_o_mode_0_0_64_denom_273  |  24|   0|   24|          0|
    |top_kernel_ap_fixed_24_8_ap_q_mode_0_ap_o_mode_0_0_64_ap_fixed_24_8_ap_q_mode_0_ap_o_mode_0_0_64_denom_274  |  24|   0|   24|          0|
    |top_kernel_ap_fixed_24_8_ap_q_mode_0_ap_o_mode_0_0_64_ap_fixed_24_8_ap_q_mode_0_ap_o_mode_0_0_64_denom_275  |  24|   0|   24|          0|
    |top_kernel_ap_fixed_24_8_ap_q_mode_0_ap_o_mode_0_0_64_ap_fixed_24_8_ap_q_mode_0_ap_o_mode_0_0_64_denom_276  |  24|   0|   24|          0|
    |top_kernel_ap_fixed_24_8_ap_q_mode_0_ap_o_mode_0_0_64_ap_fixed_24_8_ap_q_mode_0_ap_o_mode_0_0_64_denom_277  |  24|   0|   24|          0|
    |top_kernel_ap_fixed_24_8_ap_q_mode_0_ap_o_mode_0_0_64_ap_fixed_24_8_ap_q_mode_0_ap_o_mode_0_0_64_denom_278  |  24|   0|   24|          0|
    |top_kernel_ap_fixed_24_8_ap_q_mode_0_ap_o_mode_0_0_64_ap_fixed_24_8_ap_q_mode_0_ap_o_mode_0_0_64_denom_279  |  24|   0|   24|          0|
    |top_kernel_ap_fixed_24_8_ap_q_mode_0_ap_o_mode_0_0_64_ap_fixed_24_8_ap_q_mode_0_ap_o_mode_0_0_64_denom_280  |  24|   0|   24|          0|
    |top_kernel_ap_fixed_24_8_ap_q_mode_0_ap_o_mode_0_0_64_ap_fixed_24_8_ap_q_mode_0_ap_o_mode_0_0_64_denom_281  |  24|   0|   24|          0|
    |top_kernel_ap_fixed_24_8_ap_q_mode_0_ap_o_mode_0_0_64_ap_fixed_24_8_ap_q_mode_0_ap_o_mode_0_0_64_denom_282  |  24|   0|   24|          0|
    |top_kernel_ap_fixed_24_8_ap_q_mode_0_ap_o_mode_0_0_64_ap_fixed_24_8_ap_q_mode_0_ap_o_mode_0_0_64_denom_283  |  24|   0|   24|          0|
    |top_kernel_ap_fixed_24_8_ap_q_mode_0_ap_o_mode_0_0_64_ap_fixed_24_8_ap_q_mode_0_ap_o_mode_0_0_64_denom_284  |  24|   0|   24|          0|
    |top_kernel_ap_fixed_24_8_ap_q_mode_0_ap_o_mode_0_0_64_ap_fixed_24_8_ap_q_mode_0_ap_o_mode_0_0_64_denom_285  |  24|   0|   24|          0|
    |top_kernel_ap_fixed_24_8_ap_q_mode_0_ap_o_mode_0_0_64_ap_fixed_24_8_ap_q_mode_0_ap_o_mode_0_0_64_denom_286  |  24|   0|   24|          0|
    |top_kernel_ap_fixed_24_8_ap_q_mode_0_ap_o_mode_0_0_64_ap_fixed_24_8_ap_q_mode_0_ap_o_mode_0_0_64_denom_287  |  24|   0|   24|          0|
    |top_kernel_ap_fixed_24_8_ap_q_mode_0_ap_o_mode_0_0_64_ap_fixed_24_8_ap_q_mode_0_ap_o_mode_0_0_64_denom_288  |  24|   0|   24|          0|
    |top_kernel_ap_fixed_24_8_ap_q_mode_0_ap_o_mode_0_0_64_ap_fixed_24_8_ap_q_mode_0_ap_o_mode_0_0_64_denom_289  |  24|   0|   24|          0|
    |top_kernel_ap_fixed_24_8_ap_q_mode_0_ap_o_mode_0_0_64_ap_fixed_24_8_ap_q_mode_0_ap_o_mode_0_0_64_denom_290  |  24|   0|   24|          0|
    |top_kernel_ap_fixed_24_8_ap_q_mode_0_ap_o_mode_0_0_64_ap_fixed_24_8_ap_q_mode_0_ap_o_mode_0_0_64_denom_291  |  24|   0|   24|          0|
    |top_kernel_ap_fixed_24_8_ap_q_mode_0_ap_o_mode_0_0_64_ap_fixed_24_8_ap_q_mode_0_ap_o_mode_0_0_64_denom_292  |  24|   0|   24|          0|
    |top_kernel_ap_fixed_24_8_ap_q_mode_0_ap_o_mode_0_0_64_ap_fixed_24_8_ap_q_mode_0_ap_o_mode_0_0_64_denom_293  |  24|   0|   24|          0|
    |top_kernel_ap_fixed_24_8_ap_q_mode_0_ap_o_mode_0_0_64_ap_fixed_24_8_ap_q_mode_0_ap_o_mode_0_0_64_denom_294  |  24|   0|   24|          0|
    |top_kernel_ap_fixed_24_8_ap_q_mode_0_ap_o_mode_0_0_64_ap_fixed_24_8_ap_q_mode_0_ap_o_mode_0_0_64_denom_295  |  24|   0|   24|          0|
    |top_kernel_ap_fixed_24_8_ap_q_mode_0_ap_o_mode_0_0_64_ap_fixed_24_8_ap_q_mode_0_ap_o_mode_0_0_64_denom_296  |  24|   0|   24|          0|
    |top_kernel_ap_fixed_24_8_ap_q_mode_0_ap_o_mode_0_0_64_ap_fixed_24_8_ap_q_mode_0_ap_o_mode_0_0_64_denom_297  |  24|   0|   24|          0|
    |top_kernel_ap_fixed_24_8_ap_q_mode_0_ap_o_mode_0_0_64_ap_fixed_24_8_ap_q_mode_0_ap_o_mode_0_0_64_denom_298  |  24|   0|   24|          0|
    |top_kernel_ap_fixed_24_8_ap_q_mode_0_ap_o_mode_0_0_64_ap_fixed_24_8_ap_q_mode_0_ap_o_mode_0_0_64_denom_299  |  24|   0|   24|          0|
    |top_kernel_ap_fixed_24_8_ap_q_mode_0_ap_o_mode_0_0_64_ap_fixed_24_8_ap_q_mode_0_ap_o_mode_0_0_64_denom_300  |  24|   0|   24|          0|
    |top_kernel_ap_fixed_24_8_ap_q_mode_0_ap_o_mode_0_0_64_ap_fixed_24_8_ap_q_mode_0_ap_o_mode_0_0_64_denom_301  |  24|   0|   24|          0|
    |top_kernel_ap_fixed_24_8_ap_q_mode_0_ap_o_mode_0_0_64_ap_fixed_24_8_ap_q_mode_0_ap_o_mode_0_0_64_denom_302  |  24|   0|   24|          0|
    |top_kernel_ap_fixed_24_8_ap_q_mode_0_ap_o_mode_0_0_64_ap_fixed_24_8_ap_q_mode_0_ap_o_mode_0_0_64_denom_303  |  24|   0|   24|          0|
    |top_kernel_ap_fixed_24_8_ap_q_mode_0_ap_o_mode_0_0_64_ap_fixed_24_8_ap_q_mode_0_ap_o_mode_0_0_64_denom_304  |  24|   0|   24|          0|
    |top_kernel_ap_fixed_24_8_ap_q_mode_0_ap_o_mode_0_0_64_ap_fixed_24_8_ap_q_mode_0_ap_o_mode_0_0_64_denom_305  |  24|   0|   24|          0|
    |top_kernel_ap_fixed_24_8_ap_q_mode_0_ap_o_mode_0_0_64_ap_fixed_24_8_ap_q_mode_0_ap_o_mode_0_0_64_denom_306  |  24|   0|   24|          0|
    |top_kernel_ap_fixed_24_8_ap_q_mode_0_ap_o_mode_0_0_64_ap_fixed_24_8_ap_q_mode_0_ap_o_mode_0_0_64_denom_307  |  24|   0|   24|          0|
    |top_kernel_ap_fixed_24_8_ap_q_mode_0_ap_o_mode_0_0_64_ap_fixed_24_8_ap_q_mode_0_ap_o_mode_0_0_64_denom_308  |  24|   0|   24|          0|
    |top_kernel_ap_fixed_24_8_ap_q_mode_0_ap_o_mode_0_0_64_ap_fixed_24_8_ap_q_mode_0_ap_o_mode_0_0_64_denom_309  |  24|   0|   24|          0|
    |top_kernel_ap_fixed_24_8_ap_q_mode_0_ap_o_mode_0_0_64_ap_fixed_24_8_ap_q_mode_0_ap_o_mode_0_0_64_denom_310  |  24|   0|   24|          0|
    |top_kernel_ap_fixed_24_8_ap_q_mode_0_ap_o_mode_0_0_64_ap_fixed_24_8_ap_q_mode_0_ap_o_mode_0_0_64_denom_311  |  24|   0|   24|          0|
    |top_kernel_ap_fixed_24_8_ap_q_mode_0_ap_o_mode_0_0_64_ap_fixed_24_8_ap_q_mode_0_ap_o_mode_0_0_64_denom_312  |  24|   0|   24|          0|
    |top_kernel_ap_fixed_24_8_ap_q_mode_0_ap_o_mode_0_0_64_ap_fixed_24_8_ap_q_mode_0_ap_o_mode_0_0_64_denom_313  |  24|   0|   24|          0|
    |top_kernel_ap_fixed_24_8_ap_q_mode_0_ap_o_mode_0_0_64_ap_fixed_24_8_ap_q_mode_0_ap_o_mode_0_0_64_denom_314  |  24|   0|   24|          0|
    |top_kernel_ap_fixed_24_8_ap_q_mode_0_ap_o_mode_0_0_64_ap_fixed_24_8_ap_q_mode_0_ap_o_mode_0_0_64_denom_315  |  24|   0|   24|          0|
    |top_kernel_ap_fixed_24_8_ap_q_mode_0_ap_o_mode_0_0_64_ap_fixed_24_8_ap_q_mode_0_ap_o_mode_0_0_64_denom_316  |  24|   0|   24|          0|
    |top_kernel_ap_fixed_24_8_ap_q_mode_0_ap_o_mode_0_0_64_ap_fixed_24_8_ap_q_mode_0_ap_o_mode_0_0_64_denom_317  |  24|   0|   24|          0|
    |top_kernel_ap_fixed_24_8_ap_q_mode_0_ap_o_mode_0_0_64_ap_fixed_24_8_ap_q_mode_0_ap_o_mode_0_0_64_denom_318  |  24|   0|   24|          0|
    |top_kernel_ap_fixed_24_8_ap_q_mode_0_ap_o_mode_0_0_64_ap_fixed_24_8_ap_q_mode_0_ap_o_mode_0_0_64_denom_319  |  24|   0|   24|          0|
    |top_kernel_ap_fixed_24_8_ap_q_mode_0_ap_o_mode_0_0_64_ap_fixed_24_8_ap_q_mode_0_ap_o_mode_0_0_64_denom_320  |  24|   0|   24|          0|
    |top_kernel_ap_fixed_24_8_ap_q_mode_0_ap_o_mode_0_0_64_ap_fixed_24_8_ap_q_mode_0_ap_o_mode_0_0_64_denom_321  |  24|   0|   24|          0|
    |top_kernel_ap_fixed_24_8_ap_q_mode_0_ap_o_mode_0_0_64_ap_fixed_24_8_ap_q_mode_0_ap_o_mode_0_0_64_denom_322  |  24|   0|   24|          0|
    |top_kernel_ap_fixed_24_8_ap_q_mode_0_ap_o_mode_0_0_64_ap_fixed_24_8_ap_q_mode_0_ap_o_mode_0_0_64_denom_323  |  24|   0|   24|          0|
    |top_kernel_ap_fixed_24_8_ap_q_mode_0_ap_o_mode_0_0_64_ap_fixed_24_8_ap_q_mode_0_ap_o_mode_0_0_64_denom_324  |  24|   0|   24|          0|
    |top_kernel_ap_fixed_24_8_ap_q_mode_0_ap_o_mode_0_0_64_ap_fixed_24_8_ap_q_mode_0_ap_o_mode_0_0_64_denom_325  |  24|   0|   24|          0|
    |top_kernel_ap_fixed_24_8_ap_q_mode_0_ap_o_mode_0_0_64_ap_fixed_24_8_ap_q_mode_0_ap_o_mode_0_0_64_denom_326  |  24|   0|   24|          0|
    |top_kernel_ap_fixed_24_8_ap_q_mode_0_ap_o_mode_0_0_64_ap_fixed_24_8_ap_q_mode_0_ap_o_mode_0_0_64_denom_327  |  24|   0|   24|          0|
    |top_kernel_ap_fixed_24_8_ap_q_mode_0_ap_o_mode_0_0_64_ap_fixed_24_8_ap_q_mode_0_ap_o_mode_0_0_64_denom_328  |  24|   0|   24|          0|
    |top_kernel_ap_fixed_24_8_ap_q_mode_0_ap_o_mode_0_0_64_ap_fixed_24_8_ap_q_mode_0_ap_o_mode_0_0_64_denom_329  |  24|   0|   24|          0|
    |top_kernel_ap_fixed_24_8_ap_q_mode_0_ap_o_mode_0_0_64_ap_fixed_24_8_ap_q_mode_0_ap_o_mode_0_0_64_denom_330  |  24|   0|   24|          0|
    |top_kernel_ap_fixed_24_8_ap_q_mode_0_ap_o_mode_0_0_64_ap_fixed_24_8_ap_q_mode_0_ap_o_mode_0_0_64_denom_331  |  24|   0|   24|          0|
    |top_kernel_ap_fixed_24_8_ap_q_mode_0_ap_o_mode_0_0_64_ap_fixed_24_8_ap_q_mode_0_ap_o_mode_0_0_64_denom_332  |  24|   0|   24|          0|
    |top_kernel_ap_fixed_24_8_ap_q_mode_0_ap_o_mode_0_0_64_ap_fixed_24_8_ap_q_mode_0_ap_o_mode_0_0_64_denom_333  |  24|   0|   24|          0|
    |top_kernel_ap_fixed_24_8_ap_q_mode_0_ap_o_mode_0_0_64_ap_fixed_24_8_ap_q_mode_0_ap_o_mode_0_0_64_denom_334  |  24|   0|   24|          0|
    |top_kernel_ap_fixed_24_8_ap_q_mode_0_ap_o_mode_0_0_64_ap_fixed_24_8_ap_q_mode_0_ap_o_mode_0_0_64_denom_335  |  24|   0|   24|          0|
    |top_kernel_ap_fixed_24_8_ap_q_mode_0_ap_o_mode_0_0_64_ap_fixed_24_8_ap_q_mode_0_ap_o_mode_0_0_64_denom_336  |  24|   0|   24|          0|
    |top_kernel_ap_fixed_24_8_ap_q_mode_0_ap_o_mode_0_0_64_ap_fixed_24_8_ap_q_mode_0_ap_o_mode_0_0_64_denom_337  |  24|   0|   24|          0|
    |top_kernel_ap_fixed_24_8_ap_q_mode_0_ap_o_mode_0_0_64_ap_fixed_24_8_ap_q_mode_0_ap_o_mode_0_0_64_denom_338  |  24|   0|   24|          0|
    |top_kernel_ap_fixed_24_8_ap_q_mode_0_ap_o_mode_0_0_64_ap_fixed_24_8_ap_q_mode_0_ap_o_mode_0_0_64_denom_339  |  24|   0|   24|          0|
    |top_kernel_ap_fixed_24_8_ap_q_mode_0_ap_o_mode_0_0_64_ap_fixed_24_8_ap_q_mode_0_ap_o_mode_0_0_64_denom_340  |  24|   0|   24|          0|
    |top_kernel_ap_fixed_24_8_ap_q_mode_0_ap_o_mode_0_0_64_ap_fixed_24_8_ap_q_mode_0_ap_o_mode_0_0_64_denom_341  |  24|   0|   24|          0|
    |top_kernel_ap_fixed_24_8_ap_q_mode_0_ap_o_mode_0_0_64_ap_fixed_24_8_ap_q_mode_0_ap_o_mode_0_0_64_denom_342  |  24|   0|   24|          0|
    |top_kernel_ap_fixed_24_8_ap_q_mode_0_ap_o_mode_0_0_64_ap_fixed_24_8_ap_q_mode_0_ap_o_mode_0_0_64_denom_343  |  24|   0|   24|          0|
    |top_kernel_ap_fixed_24_8_ap_q_mode_0_ap_o_mode_0_0_64_ap_fixed_24_8_ap_q_mode_0_ap_o_mode_0_0_64_denom_344  |  24|   0|   24|          0|
    |top_kernel_ap_fixed_24_8_ap_q_mode_0_ap_o_mode_0_0_64_ap_fixed_24_8_ap_q_mode_0_ap_o_mode_0_0_64_denom_345  |  24|   0|   24|          0|
    |top_kernel_ap_fixed_24_8_ap_q_mode_0_ap_o_mode_0_0_64_ap_fixed_24_8_ap_q_mode_0_ap_o_mode_0_0_64_denom_346  |  24|   0|   24|          0|
    |top_kernel_ap_fixed_24_8_ap_q_mode_0_ap_o_mode_0_0_64_ap_fixed_24_8_ap_q_mode_0_ap_o_mode_0_0_64_denom_347  |  24|   0|   24|          0|
    |top_kernel_ap_fixed_24_8_ap_q_mode_0_ap_o_mode_0_0_64_ap_fixed_24_8_ap_q_mode_0_ap_o_mode_0_0_64_denom_348  |  24|   0|   24|          0|
    |top_kernel_ap_fixed_24_8_ap_q_mode_0_ap_o_mode_0_0_64_ap_fixed_24_8_ap_q_mode_0_ap_o_mode_0_0_64_denom_349  |  24|   0|   24|          0|
    |top_kernel_ap_fixed_24_8_ap_q_mode_0_ap_o_mode_0_0_64_ap_fixed_24_8_ap_q_mode_0_ap_o_mode_0_0_64_denom_350  |  24|   0|   24|          0|
    |top_kernel_ap_fixed_24_8_ap_q_mode_0_ap_o_mode_0_0_64_ap_fixed_24_8_ap_q_mode_0_ap_o_mode_0_0_64_denom_351  |  24|   0|   24|          0|
    |top_kernel_ap_fixed_24_8_ap_q_mode_0_ap_o_mode_0_0_64_ap_fixed_24_8_ap_q_mode_0_ap_o_mode_0_0_64_denom_352  |  24|   0|   24|          0|
    |top_kernel_ap_fixed_24_8_ap_q_mode_0_ap_o_mode_0_0_64_ap_fixed_24_8_ap_q_mode_0_ap_o_mode_0_0_64_denom_353  |  24|   0|   24|          0|
    |top_kernel_ap_fixed_24_8_ap_q_mode_0_ap_o_mode_0_0_64_ap_fixed_24_8_ap_q_mode_0_ap_o_mode_0_0_64_denom_354  |  24|   0|   24|          0|
    |top_kernel_ap_fixed_24_8_ap_q_mode_0_ap_o_mode_0_0_64_ap_fixed_24_8_ap_q_mode_0_ap_o_mode_0_0_64_denom_355  |  24|   0|   24|          0|
    |top_kernel_ap_fixed_24_8_ap_q_mode_0_ap_o_mode_0_0_64_ap_fixed_24_8_ap_q_mode_0_ap_o_mode_0_0_64_denom_356  |  24|   0|   24|          0|
    |top_kernel_ap_fixed_24_8_ap_q_mode_0_ap_o_mode_0_0_64_ap_fixed_24_8_ap_q_mode_0_ap_o_mode_0_0_64_denom_357  |  24|   0|   24|          0|
    |top_kernel_ap_fixed_24_8_ap_q_mode_0_ap_o_mode_0_0_64_ap_fixed_24_8_ap_q_mode_0_ap_o_mode_0_0_64_denom_358  |  24|   0|   24|          0|
    |top_kernel_ap_fixed_24_8_ap_q_mode_0_ap_o_mode_0_0_64_ap_fixed_24_8_ap_q_mode_0_ap_o_mode_0_0_64_denom_359  |  24|   0|   24|          0|
    |top_kernel_ap_fixed_24_8_ap_q_mode_0_ap_o_mode_0_0_64_ap_fixed_24_8_ap_q_mode_0_ap_o_mode_0_0_64_denom_360  |  24|   0|   24|          0|
    |top_kernel_ap_fixed_24_8_ap_q_mode_0_ap_o_mode_0_0_64_ap_fixed_24_8_ap_q_mode_0_ap_o_mode_0_0_64_denom_361  |  24|   0|   24|          0|
    |top_kernel_ap_fixed_24_8_ap_q_mode_0_ap_o_mode_0_0_64_ap_fixed_24_8_ap_q_mode_0_ap_o_mode_0_0_64_denom_362  |  24|   0|   24|          0|
    |top_kernel_ap_fixed_24_8_ap_q_mode_0_ap_o_mode_0_0_64_ap_fixed_24_8_ap_q_mode_0_ap_o_mode_0_0_64_denom_363  |  24|   0|   24|          0|
    |top_kernel_ap_fixed_24_8_ap_q_mode_0_ap_o_mode_0_0_64_ap_fixed_24_8_ap_q_mode_0_ap_o_mode_0_0_64_denom_364  |  24|   0|   24|          0|
    |top_kernel_ap_fixed_24_8_ap_q_mode_0_ap_o_mode_0_0_64_ap_fixed_24_8_ap_q_mode_0_ap_o_mode_0_0_64_denom_365  |  24|   0|   24|          0|
    |top_kernel_ap_fixed_24_8_ap_q_mode_0_ap_o_mode_0_0_64_ap_fixed_24_8_ap_q_mode_0_ap_o_mode_0_0_64_denom_366  |  24|   0|   24|          0|
    |top_kernel_ap_fixed_24_8_ap_q_mode_0_ap_o_mode_0_0_64_ap_fixed_24_8_ap_q_mode_0_ap_o_mode_0_0_64_denom_367  |  24|   0|   24|          0|
    |top_kernel_ap_fixed_24_8_ap_q_mode_0_ap_o_mode_0_0_64_ap_fixed_24_8_ap_q_mode_0_ap_o_mode_0_0_64_denom_368  |  24|   0|   24|          0|
    |top_kernel_ap_fixed_24_8_ap_q_mode_0_ap_o_mode_0_0_64_ap_fixed_24_8_ap_q_mode_0_ap_o_mode_0_0_64_denom_369  |  24|   0|   24|          0|
    |top_kernel_ap_fixed_24_8_ap_q_mode_0_ap_o_mode_0_0_64_ap_fixed_24_8_ap_q_mode_0_ap_o_mode_0_0_64_denom_370  |  24|   0|   24|          0|
    |top_kernel_ap_fixed_24_8_ap_q_mode_0_ap_o_mode_0_0_64_ap_fixed_24_8_ap_q_mode_0_ap_o_mode_0_0_64_denom_371  |  24|   0|   24|          0|
    |top_kernel_ap_fixed_24_8_ap_q_mode_0_ap_o_mode_0_0_64_ap_fixed_24_8_ap_q_mode_0_ap_o_mode_0_0_64_denom_372  |  24|   0|   24|          0|
    |top_kernel_ap_fixed_24_8_ap_q_mode_0_ap_o_mode_0_0_64_ap_fixed_24_8_ap_q_mode_0_ap_o_mode_0_0_64_denom_373  |  24|   0|   24|          0|
    |top_kernel_ap_fixed_24_8_ap_q_mode_0_ap_o_mode_0_0_64_ap_fixed_24_8_ap_q_mode_0_ap_o_mode_0_0_64_denom_374  |  24|   0|   24|          0|
    |top_kernel_ap_fixed_24_8_ap_q_mode_0_ap_o_mode_0_0_64_ap_fixed_24_8_ap_q_mode_0_ap_o_mode_0_0_64_denom_375  |  24|   0|   24|          0|
    |top_kernel_ap_fixed_24_8_ap_q_mode_0_ap_o_mode_0_0_64_ap_fixed_24_8_ap_q_mode_0_ap_o_mode_0_0_64_denom_376  |  24|   0|   24|          0|
    |top_kernel_ap_fixed_24_8_ap_q_mode_0_ap_o_mode_0_0_64_ap_fixed_24_8_ap_q_mode_0_ap_o_mode_0_0_64_denom_377  |  24|   0|   24|          0|
    |top_kernel_ap_fixed_24_8_ap_q_mode_0_ap_o_mode_0_0_64_ap_fixed_24_8_ap_q_mode_0_ap_o_mode_0_0_64_denom_378  |  24|   0|   24|          0|
    |top_kernel_ap_fixed_24_8_ap_q_mode_0_ap_o_mode_0_0_64_ap_fixed_24_8_ap_q_mode_0_ap_o_mode_0_0_64_denom_379  |  24|   0|   24|          0|
    |top_kernel_ap_fixed_24_8_ap_q_mode_0_ap_o_mode_0_0_64_ap_fixed_24_8_ap_q_mode_0_ap_o_mode_0_0_64_denom_380  |  24|   0|   24|          0|
    |top_kernel_ap_fixed_24_8_ap_q_mode_0_ap_o_mode_0_0_64_ap_fixed_24_8_ap_q_mode_0_ap_o_mode_0_0_64_denom_381  |  24|   0|   24|          0|
    |top_kernel_ap_fixed_24_8_ap_q_mode_0_ap_o_mode_0_0_64_ap_fixed_24_8_ap_q_mode_0_ap_o_mode_0_0_64_denom_382  |  24|   0|   24|          0|
    |top_kernel_ap_fixed_24_8_ap_q_mode_0_ap_o_mode_0_0_64_ap_fixed_24_8_ap_q_mode_0_ap_o_mode_0_0_64_denom_383  |  24|   0|   24|          0|
    |top_kernel_ap_fixed_24_8_ap_q_mode_0_ap_o_mode_0_0_64_ap_fixed_24_8_ap_q_mode_0_ap_o_mode_0_0_64_denom_384  |  24|   0|   24|          0|
    |top_kernel_ap_fixed_24_8_ap_q_mode_0_ap_o_mode_0_0_64_ap_fixed_24_8_ap_q_mode_0_ap_o_mode_0_0_64_denom_385  |  24|   0|   24|          0|
    |top_kernel_ap_fixed_24_8_ap_q_mode_0_ap_o_mode_0_0_64_ap_fixed_24_8_ap_q_mode_0_ap_o_mode_0_0_64_denom_386  |  24|   0|   24|          0|
    |top_kernel_ap_fixed_24_8_ap_q_mode_0_ap_o_mode_0_0_64_ap_fixed_24_8_ap_q_mode_0_ap_o_mode_0_0_64_denom_387  |  24|   0|   24|          0|
    |top_kernel_ap_fixed_24_8_ap_q_mode_0_ap_o_mode_0_0_64_ap_fixed_24_8_ap_q_mode_0_ap_o_mode_0_0_64_denom_388  |  24|   0|   24|          0|
    |top_kernel_ap_fixed_24_8_ap_q_mode_0_ap_o_mode_0_0_64_ap_fixed_24_8_ap_q_mode_0_ap_o_mode_0_0_64_denom_389  |  24|   0|   24|          0|
    |top_kernel_ap_fixed_24_8_ap_q_mode_0_ap_o_mode_0_0_64_ap_fixed_24_8_ap_q_mode_0_ap_o_mode_0_0_64_denom_390  |  24|   0|   24|          0|
    |top_kernel_ap_fixed_64_ap_fixed_24_8_0_0_0_64_denom_row                                                     |  24|   0|   24|          0|
    |top_kernel_ap_fixed_64_ap_fixed_24_8_0_0_0_64_denom_row_1                                                   |  24|   0|   24|          0|
    |top_kernel_ap_fixed_64_ap_fixed_24_8_0_0_0_64_denom_row_2                                                   |  24|   0|   24|          0|
    |top_kernel_ap_fixed_64_ap_fixed_24_8_0_0_0_64_denom_row_3                                                   |  24|   0|   24|          0|
    |top_kernel_ap_fixed_64_ap_fixed_24_8_0_0_0_64_denom_row_4                                                   |  24|   0|   24|          0|
    |top_kernel_ap_fixed_64_ap_fixed_24_8_0_0_0_64_denom_row_5                                                   |  24|   0|   24|          0|
    |top_kernel_ap_fixed_64_ap_fixed_24_8_0_0_0_64_denom_row_6                                                   |  24|   0|   24|          0|
    |top_kernel_ap_fixed_64_ap_fixed_24_8_0_0_0_64_denom_row_7                                                   |  24|   0|   24|          0|
    |top_kernel_ap_fixed_64_ap_fixed_24_8_0_0_0_64_denom_row_8                                                   |  24|   0|   24|          0|
    |top_kernel_ap_fixed_64_ap_fixed_24_8_0_0_0_64_denom_row_9                                                   |  24|   0|   24|          0|
    +------------------------------------------------------------------------------------------------------------+----+----+-----+-----------+
    |Total                                                                                                       |7673|   0| 7673|          0|
    +------------------------------------------------------------------------------------------------------------+----+----+-----+-----------+



================================================================
== Interface
================================================================
* Summary: 
+--------------+-----+-----+------------+--------------+--------------+
|   RTL Ports  | Dir | Bits|  Protocol  | Source Object|    C Type    |
+--------------+-----+-----+------------+--------------+--------------+
|ap_clk        |   in|    1|  ap_ctrl_hs|    top_kernel|  return value|
|ap_rst        |   in|    1|  ap_ctrl_hs|    top_kernel|  return value|
|ap_start      |   in|    1|  ap_ctrl_hs|    top_kernel|  return value|
|ap_done       |  out|    1|  ap_ctrl_hs|    top_kernel|  return value|
|ap_idle       |  out|    1|  ap_ctrl_hs|    top_kernel|  return value|
|ap_ready      |  out|    1|  ap_ctrl_hs|    top_kernel|  return value|
|A_0_address0  |  out|   11|   ap_memory|           A_0|         array|
|A_0_ce0       |  out|    1|   ap_memory|           A_0|         array|
|A_0_q0        |   in|   24|   ap_memory|           A_0|         array|
|A_1_address0  |  out|   11|   ap_memory|           A_1|         array|
|A_1_ce0       |  out|    1|   ap_memory|           A_1|         array|
|A_1_q0        |   in|   24|   ap_memory|           A_1|         array|
|A_2_address0  |  out|   11|   ap_memory|           A_2|         array|
|A_2_ce0       |  out|    1|   ap_memory|           A_2|         array|
|A_2_q0        |   in|   24|   ap_memory|           A_2|         array|
|A_3_address0  |  out|   11|   ap_memory|           A_3|         array|
|A_3_ce0       |  out|    1|   ap_memory|           A_3|         array|
|A_3_q0        |   in|   24|   ap_memory|           A_3|         array|
|A_4_address0  |  out|   11|   ap_memory|           A_4|         array|
|A_4_ce0       |  out|    1|   ap_memory|           A_4|         array|
|A_4_q0        |   in|   24|   ap_memory|           A_4|         array|
|A_5_address0  |  out|   11|   ap_memory|           A_5|         array|
|A_5_ce0       |  out|    1|   ap_memory|           A_5|         array|
|A_5_q0        |   in|   24|   ap_memory|           A_5|         array|
|A_6_address0  |  out|   11|   ap_memory|           A_6|         array|
|A_6_ce0       |  out|    1|   ap_memory|           A_6|         array|
|A_6_q0        |   in|   24|   ap_memory|           A_6|         array|
|A_7_address0  |  out|   11|   ap_memory|           A_7|         array|
|A_7_ce0       |  out|    1|   ap_memory|           A_7|         array|
|A_7_q0        |   in|   24|   ap_memory|           A_7|         array|
|C_0_address0  |  out|   11|   ap_memory|           C_0|         array|
|C_0_ce0       |  out|    1|   ap_memory|           C_0|         array|
|C_0_we0       |  out|    1|   ap_memory|           C_0|         array|
|C_0_d0        |  out|   24|   ap_memory|           C_0|         array|
|C_1_address0  |  out|   11|   ap_memory|           C_1|         array|
|C_1_ce0       |  out|    1|   ap_memory|           C_1|         array|
|C_1_we0       |  out|    1|   ap_memory|           C_1|         array|
|C_1_d0        |  out|   24|   ap_memory|           C_1|         array|
|C_2_address0  |  out|   11|   ap_memory|           C_2|         array|
|C_2_ce0       |  out|    1|   ap_memory|           C_2|         array|
|C_2_we0       |  out|    1|   ap_memory|           C_2|         array|
|C_2_d0        |  out|   24|   ap_memory|           C_2|         array|
|C_3_address0  |  out|   11|   ap_memory|           C_3|         array|
|C_3_ce0       |  out|    1|   ap_memory|           C_3|         array|
|C_3_we0       |  out|    1|   ap_memory|           C_3|         array|
|C_3_d0        |  out|   24|   ap_memory|           C_3|         array|
|C_4_address0  |  out|   11|   ap_memory|           C_4|         array|
|C_4_ce0       |  out|    1|   ap_memory|           C_4|         array|
|C_4_we0       |  out|    1|   ap_memory|           C_4|         array|
|C_4_d0        |  out|   24|   ap_memory|           C_4|         array|
|C_5_address0  |  out|   11|   ap_memory|           C_5|         array|
|C_5_ce0       |  out|    1|   ap_memory|           C_5|         array|
|C_5_we0       |  out|    1|   ap_memory|           C_5|         array|
|C_5_d0        |  out|   24|   ap_memory|           C_5|         array|
|C_6_address0  |  out|   11|   ap_memory|           C_6|         array|
|C_6_ce0       |  out|    1|   ap_memory|           C_6|         array|
|C_6_we0       |  out|    1|   ap_memory|           C_6|         array|
|C_6_d0        |  out|   24|   ap_memory|           C_6|         array|
|C_7_address0  |  out|   11|   ap_memory|           C_7|         array|
|C_7_ce0       |  out|    1|   ap_memory|           C_7|         array|
|C_7_we0       |  out|    1|   ap_memory|           C_7|         array|
|C_7_d0        |  out|   24|   ap_memory|           C_7|         array|
+--------------+-----+-----+------------+--------------+--------------+

