# ---------------------------------------------------------------------------
# Created on Wed Jan 28 21:45:59 EST 2026 with report_failfast (2023.09.14)
# ---------------------------------------------------------------------------

 +--------------------------------------------------------------------------------------------------------------------------------------------+
 | Clock Buffers (BUFGCE / BUFGCE_DIV / BUFGCTRL)                                                                                             |
 +-------------+----------------------------------------------------+---------------------------------------+-------+--------+----------------+
 | Driver Type | Driver Pin                                         | Net                                   | Slack | Fanout | Load Pins      |
 +-------------+----------------------------------------------------+---------------------------------------+-------+--------+----------------+
 | BUFGCE      | bd_0_i/hls_inst/inst/ap_CS_fsm_reg[7]_bufg_place/O | bd_0_i/hls_inst/inst/ap_CS_fsm_state8 | 7.367 | 1152   | FDRE/CE (1152) |
 +-------------+----------------------------------------------------+---------------------------------------+-------+--------+----------------+
